Microchip MPLAB XC8 Compiler V2.10 ()

Linker command line:

-W-3 --edf=C:\Program Files (x86)\Microchip\xc8\v2.10\pic\dat\en_msgs.txt \
  -cs -h+dist/default/production\Serial.X.production.sym \
  --cmf=dist/default/production\Serial.X.production.cmf -z -Q18F4550 \
  -oC:\Users\saenz\AppData\Local\Temp\s6c8.2 --defsym=__MPLAB_BUILD=1 \
  -Mdist/default/production/Serial.X.production.map -E1 -ver=XC8 \
  --acfsm=1493 -ASTACK=0D1h-07FFh -pstack=STACK -ACODE=00h-07FFFh \
  -ACONST=00h-07FFFh -ASMALLCONST=0800h-08FFhx120 \
  -AMEDIUMCONST=0800h-07FFFh -ACOMRAM=01h-05Fh -AABS1=00h-07FFh \
  -ABIGRAM=01h-07FFh -ARAM=060h-0FFh,0100h-01FFhx7 -ABANK0=060h-0FFh \
  -ABANK1=0100h-01FFh -ABANK2=0200h-02FFh -ABANK3=0300h-03FFh \
  -ABANK4=0400h-04FFh -ABANK5=0500h-05FFh -ABANK6=0600h-06FFh \
  -ABANK7=0700h-07FFh -ASFR=0F60h-0FFFh \
  -preset_vec=00h,intcode=08h,intcodelo,powerup,init -pramtop=0800h \
  -psmallconst=SMALLCONST -pmediumconst=MEDIUMCONST -pconst=CONST \
  -AFARRAM=00h-00h -ACONFIG=0300000h-030000Dh -pconfig=CONFIG \
  -AIDLOC=0200000h-0200007h -pidloc=IDLOC -AEEDATA=0F00000h-0F000FFh \
  -peeprom_data=EEDATA \
  -prdata=COMRAM,nvrram=COMRAM,nvbit=COMRAM,rbss=COMRAM,rbit=COMRAM \
  -pfarbss=FARRAM,fardata=FARRAM,nvFARRAM=FARRAM \
  -pintsave_regs=BIGRAM,bigbss=BIGRAM,bigdata=BIGRAM -pbss=RAM \
  -pidata=CODE,irdata=CODE,ibigdata=CODE,ifardata=CODE -prparam=COMRAM \
  C:\Users\saenz\AppData\Local\Temp\s6c8.o \
  dist/default/production\Serial.X.production.o 

Object code version is 3.11

Machine type is 18F4550

Call graph: (short form)




                Name                               Link     Load   Length Selector   Space Scale
C:\Users\saenz\AppData\Local\Temp\s6c8.o
                init                                  E        E        4        4       0
                reset_vec                             0        0        4        0       0
                idloc                            200000   200000        8   200000       0
                config                           300000   300000        E   300000       0
dist/default/production\Serial.X.production.o
                intcode                               8        8        6        4       0
                temp                                 5C       5C        1        1       1
                mediumconst                        7C46     7C46      3BA     3E23       0
                text60                             2916     2916       1E        4       0
                text59                             2A3A     2A3A        C        4       0
                text58                             2684     2684       48        4       0
                text57                             29D2     29D2       18        4       0
                text56                              7D2      7D2      39A        4       0
                text55                             1BF0     1BF0      106        4       0
                text54                              F8E      F8E      1B4        4       0
                text53                             23DA     23DA       72        4       0
                text52                             28D8     28D8       20        4       0
                text51                             2838     2838       32        4       0
                text50                             2806     2806       32        4       0
                text49                             1428     1428      154        4       0
                text48                             263C     263C       48        4       0
                text47                             25F4     25F4       48        4       0
                text46                             25AC     25AC       48        4       0
                intcode_body                       2368     2368       72        4       0
                text44                             2950     2950       1C        4       0
                text43                             29A0     29A0       1A        4       0
                text42                             2A14     2A14       14        4       0
                text41                             2934     2934       1C        4       0
                text40                             2A00     2A00       14        4       0
                text39                             22F6     22F6       72        4       0
                text38                             2986     2986       1A        4       0
                text37                             296C     296C       1A        4       0
                text36                             2706     2706       36        4       0
                text35                             2188     2188       84        4       0
                text34                             2104     2104       84        4       0
                text33                              436      436      39C        4       0
                text32                             18DC     18DC      108        4       0
                text31                              DD6      DD6      1B8        4       0
                text30                             2282     2282       74        4       0
                text29                             28B8     28B8       20        4       0
                text28                             28F8     28F8       1E        4       0
                text27                             27D4     27D4       32        4       0
                text26                             27A2     27A2       32        4       0
                text25                             12D0     12D0      158        4       0
                text24                             2080     2080       84        4       0
                text23                             29BA     29BA       18        4       0
                text22                             244C     244C       64        4       0
                text21                              B6C      B6C      26A        4       0
                text20                             286A     286A       28        4       0
                text19                             26CC     26CC       3A        4       0
                text18                             250C     250C       54        4       0
                text17                             1142     1142      18E        4       0
                text16                             1FB6     1FB6       CA        4       0
                text15                             1EE0     1EE0       D6        4       0
                text14                             273C     273C       34        4       0
                text13                             157C     157C      136        4       0
                text12                             29EA     29EA       16        4       0
                text11                             2770     2770       32        4       0
                text10                             1CF6     1CF6      104        4       0
                text9                              1AEA     1AEA      106        4       0
                text8                              19E4     19E4      106        4       0
                text7                              2A28     2A28       12        4       0
                text6                              24B0     24B0       5C        4       0
                text5                                12       12      424        4       0
                text4                              17CE     17CE      10E        4       0
                text3                              220C     220C       76        4       0
                text2                              1DFA     1DFA       E6        4       0
                text1                              2560     2560       4C        4       0
                text0                              16B2     16B2      11C        4       0
                cstackCOMRAM                          1        1       3F        1       1
                cstackBANK0                          60       60       42       60       1
                bssBANK0                             A2       A2       2F       60       1
                bssCOMRAM                            40       40       1C        1       1
                cinit                              2892     2892       26        4       0

TOTAL           Name                               Link     Load   Length     Space
        CLASS   STACK          

        CLASS   CODE           
                intcode                               8        8        6         0
                init                                  E        E        4         0
                reset_vec                             0        0        4         0
                text60                             2916     2916       1E         0
                text59                             2A3A     2A3A        C         0
                text58                             2684     2684       48         0
                text57                             29D2     29D2       18         0
                text56                              7D2      7D2      39A         0
                text55                             1BF0     1BF0      106         0
                text54                              F8E      F8E      1B4         0
                text53                             23DA     23DA       72         0
                text52                             28D8     28D8       20         0
                text51                             2838     2838       32         0
                text50                             2806     2806       32         0
                text49                             1428     1428      154         0
                text48                             263C     263C       48         0
                text47                             25F4     25F4       48         0
                text46                             25AC     25AC       48         0
                intcode_body                       2368     2368       72         0
                text44                             2950     2950       1C         0
                text43                             29A0     29A0       1A         0
                text42                             2A14     2A14       14         0
                text41                             2934     2934       1C         0
                text40                             2A00     2A00       14         0
                text39                             22F6     22F6       72         0
                text38                             2986     2986       1A         0
                text37                             296C     296C       1A         0
                text36                             2706     2706       36         0
                text35                             2188     2188       84         0
                text34                             2104     2104       84         0
                text33                              436      436      39C         0
                text32                             18DC     18DC      108         0
                text31                              DD6      DD6      1B8         0
                text30                             2282     2282       74         0
                text29                             28B8     28B8       20         0
                text28                             28F8     28F8       1E         0
                text27                             27D4     27D4       32         0
                text26                             27A2     27A2       32         0
                text25                             12D0     12D0      158         0
                text24                             2080     2080       84         0
                text23                             29BA     29BA       18         0
                text22                             244C     244C       64         0
                text21                              B6C      B6C      26A         0
                text20                             286A     286A       28         0
                text19                             26CC     26CC       3A         0
                text18                             250C     250C       54         0
                text17                             1142     1142      18E         0
                text16                             1FB6     1FB6       CA         0
                text15                             1EE0     1EE0       D6         0
                text14                             273C     273C       34         0
                text13                             157C     157C      136         0
                text12                             29EA     29EA       16         0
                text11                             2770     2770       32         0
                text10                             1CF6     1CF6      104         0
                text9                              1AEA     1AEA      106         0
                text8                              19E4     19E4      106         0
                text7                              2A28     2A28       12         0
                text6                              24B0     24B0       5C         0
                text5                                12       12      424         0
                text4                              17CE     17CE      10E         0
                text3                              220C     220C       76         0
                text2                              1DFA     1DFA       E6         0
                text1                              2560     2560       4C         0
                text0                              16B2     16B2      11C         0
                cinit                              2892     2892       26         0

        CLASS   CONST          

        CLASS   SMALLCONST     

        CLASS   MEDIUMCONST    
                mediumconst                        7C46     7C46      3BA         0

        CLASS   COMRAM         
                temp                                 5C       5C        1         1
                cstackCOMRAM                          1        1       3F         1
                bssCOMRAM                            40       40       1C         1

        CLASS   ABS1           

        CLASS   BIGRAM         

        CLASS   RAM            

        CLASS   BANK0          
                cstackBANK0                          60       60       42         1
                bssBANK0                             A2       A2       2F         1

        CLASS   BANK1          

        CLASS   BANK2          

        CLASS   BANK3          

        CLASS   BANK4          

        CLASS   BANK5          

        CLASS   BANK6          

        CLASS   BANK7          

        CLASS   SFR            

        CLASS   FARRAM         

        CLASS   CONFIG         
                config                           300000   300000        E         0

        CLASS   IDLOC          
                idloc                            200000   200000        8         0

        CLASS   EEDATA         



SEGMENTS        Name                           Load    Length   Top    Selector   Space  Class

                reset_vec                      000000  000004  000004         0       0  CODE    
                cstackCOMRAM                   000001  00005C  00005D         1       1  COMRAM  
                intcode                        000008  002A3E  002A46         4       0  CODE    
                cstackBANK0                    000060  000071  0000D1        60       1  BANK0   
                mediumconst                    007C46  0003BA  008000      3E23       0  MEDIUMCO
                idloc                          200000  000008  200008    200000       0  IDLOC   
                config                         300000  00000E  30000E    300000       0  CONFIG  


UNUSED ADDRESS RANGES

        Name                Unused          Largest block    Delta
        BANK0            0000D1-0000FF               2F
        BANK1            000100-0001FF              100
        BANK2            000200-0002FF              100
        BANK3            000300-0003FF              100
        BANK4            000400-0004FF              100
        BANK5            000500-0005FF              100
        BANK6            000600-0006FF              100
        BANK7            000700-0007FF              100
        BIGRAM           00005D-00005F                3
                         0000D1-0007FF              72F
        CODE             000004-000007                4
                         002A46-007C45             5200
        COMRAM           00005D-00005F                3
        CONST            000004-000007                4
                         002A46-007C45             5200
        EEDATA           F00000-F000FF              100
        MEDIUMCONST      002A46-007C45             5200
        RAM              0000D1-0007FF              100
        SFR              000F60-000FFF               A0
        SMALLCONST       002A46-007C45              100
        STACK            0000D1-0007FF              72F

                                  Symbol Table

?_Motor_Conversion                       cstackBANK0  000091
?_PWM_OneshotX                           cstackBANK0  000060
?_PWM_OneshotY                           cstackBANK0  000060
?___aldiv                                cstackBANK0  000060
?___fldiv                                cstackBANK0  00006E
?___fltol                                cstackBANK0  000087
?___wmul                                 cstackBANK0  000060
?___xxtofl                               cstackBANK0  000060
?_atoi                                   cstackBANK0  000067
?_isdigit                                cstackBANK0  000060
?_isspace                                cstackBANK0  000060
?i2_Motor_Conversion                     cstackCOMRAM 000032
?i2_PWM_OneshotX                         cstackCOMRAM 000001
?i2_PWM_OneshotY                         cstackCOMRAM 000001
?i2___fldiv                              cstackCOMRAM 00000F
?i2___fltol                              cstackCOMRAM 000028
?i2___xxtofl                             cstackCOMRAM 000001
EEPROM_Rx@direccion                      cstackBANK0  000060
EEPROM_Tx@dato                           cstackBANK0  000060
EEPROM_Tx@direccion                      cstackBANK0  000061
Motor_Calcular_PasosX@coordenada_actualX cstackBANK0  000060
Motor_Calcular_PasosY@coordenada_actualY cstackBANK0  000060
Motor_Conversion@Coordenada              cstackBANK0  000091
Motor_Conversion@conversion              cstackBANK0  000093
Motor_Movimiento@Motor_CoordenadaX       cstackBANK0  000097
Motor_Movimiento@Motor_CoordenadaY       cstackBANK0  000099
Motor_Movimiento@Oupcode                 cstackBANK0  00009B
Motor_Movimiento_Home@Motor_CoordenadaX  cstackCOMRAM 000038
Motor_Movimiento_Home@Motor_CoordenadaY  cstackCOMRAM 00003A
Motor_Movimiento_Home@Oupcode            cstackCOMRAM 00003C
PWM_GeneratePulsos@Oupcode               cstackBANK0  000067
PWM_GeneratePulsos@countX                cstackBANK0  000068
PWM_GeneratePulsos@countY                cstackBANK0  00006A
PWM_GeneratePulsos@pulsosX               cstackBANK0  000062
PWM_GeneratePulsos@pulsosY               cstackBANK0  000064
PWM_OneshotX@countX                      cstackBANK0  000060
PWM_OneshotY@countY                      cstackBANK0  000060
Seria_Decodificacion_Memoria@direccion   cstackBANK0  00006A
Serial_DecodificacionX@coordenadaX       cstackBANK0  00007B
Serial_DecodificacionX@i                 cstackBANK0  00007E
Serial_DecodificacionX@i_1392            cstackBANK0  000080
Serial_DecodificacionX@pointerCX         cstackBANK0  000078
Serial_DecodificacionX@string_coordenada cstackBANK0  000076
Serial_DecodificacionY@coordenadaY       cstackBANK0  00007C
Serial_DecodificacionY@i                 cstackBANK0  00007F
Serial_DecodificacionY@i_1398            cstackBANK0  000081
Serial_DecodificacionY@pointerCY         cstackBANK0  000078
Serial_DecodificacionY@string_coordenada cstackBANK0  000076
Serial_Escritura_Memoria@direccion       cstackBANK0  00006C
Serial_Escritura_Memoria@direccionFinal  cstackBANK0  00006D
Serial_Escritura_Memoria@i               cstackBANK0  00006E
Serial_Escritura_Memoria@i_1457          cstackBANK0  000070
Serial_Escritura_Memoria@i_1459          cstackBANK0  000072
Serial_Escritura_Memoria@string_setpoint cstackBANK0  000068
Serial_Lectura_MemoriaX@coordenadaX      cstackBANK0  00007B
Serial_Lectura_MemoriaX@direccion        cstackBANK0  000079
Serial_Lectura_MemoriaX@direccionX       cstackBANK0  00007A
Serial_Lectura_MemoriaX@i                cstackBANK0  00007E
Serial_Lectura_MemoriaX@i_1432           cstackBANK0  000080
Serial_Lectura_MemoriaX@pointerCX        cstackBANK0  000076
Serial_Lectura_MemoriaY@coordenadaY      cstackBANK0  00007B
Serial_Lectura_MemoriaY@direccion        cstackBANK0  000079
Serial_Lectura_MemoriaY@direccionY       cstackBANK0  00007A
Serial_Lectura_MemoriaY@i                cstackBANK0  00007E
Serial_Lectura_MemoriaY@i_1440           cstackBANK0  000080
Serial_Lectura_MemoriaY@pointerCY        cstackBANK0  000076
Serial_Lectura_MemoriaZ@coordenadaZ      cstackBANK0  00007B
Serial_Lectura_MemoriaZ@direccion        cstackBANK0  000079
Serial_Lectura_MemoriaZ@direccionZ       cstackBANK0  00007A
Serial_Lectura_MemoriaZ@i                cstackBANK0  00007E
Serial_Lectura_MemoriaZ@i_1448           cstackBANK0  000080
Serial_Lectura_MemoriaZ@pointerCZ        cstackBANK0  000076
Serial_Oupcode@Oupcode                   cstackBANK0  00009F
Serial_Oupcode@instruction_counter       cstackBANK0  00009E
Serial_RangosCoordenadas@C               cstackBANK0  000060
USART_Init@BAUD                          cstackBANK0  00006E
USART_RxS@i                              cstackBANK0  000066
USART_RxS@length                         cstackBANK0  000065
USART_RxS@pointer                        cstackBANK0  000060
USART_TxC@data                           cstackBANK0  000060
USART_TxS@i                              cstackBANK0  000066
USART_TxS@length                         cstackBANK0  000062
USART_TxS@str                            cstackBANK0  000060
Usart_Interface_Flash@color              cstackBANK0  000062
Usart_Interface_ON@color                 cstackBANK0  000060
_ADCON0bits                              (abs)        000FC2
_ADCON1                                  (abs)        000FC1
_ADCON1bits                              (abs)        000FC1
_ADCON2bits                              (abs)        000FC0
_ADRESH                                  (abs)        000FC4
_ADRESL                                  (abs)        000FC3
_Actuator_Hold                           text38       002986
_Actuator_Retract                        text37       00296C
_Actuator_Touch                          text36       002706
_BanderaX                                bssCOMRAM    00005B
_BanderaY                                bssCOMRAM    00005A
_C                                       bssCOMRAM    000048
_CCP1CON                                 (abs)        000FBD
_CCP2CON                                 (abs)        000FBA
_CCPR1L                                  (abs)        000FBE
_CCPR2L                                  (abs)        000FBB
_CMCON                                   (abs)        000FB4
_CoordenadaX                             bssBANK0     0000CF
_CoordenadaXX                            bssCOMRAM    00004F
_CoordenadaY                             bssBANK0     0000CD
_CoordenadaYY                            bssCOMRAM    00004D
_CoordenadaZ                             bssBANK0     0000CB
_Coordenadas_fuera                       bssBANK0     0000B5
_Coordenadas_mal                         bssBANK0     0000B4
_DeltaX                                  bssBANK0     0000AC
_DeltaY                                  bssBANK0     0000AA
_Direccion_Memoria                       bssBANK0     0000B6
_Distancia                               bssBANK0     0000A2
_EEADR                                   (abs)        000FA9
_EECON1bits                              (abs)        000FA6
_EECON2                                  (abs)        000FA7
_EEDATA                                  (abs)        000FA8
_EEPROM_Rx                               text12       0029EA
_EEPROM_Tx                               text14       00273C
_Flag_Botones                            bssCOMRAM    000056
_GPIO_init_PORTA                         text44       002950
_GPIO_init_PORTB                         text43       0029A0
_GPIO_init_PORTC                         text42       002A14
_GPIO_init_PORTD                         text41       002934
_GPIO_init_PORTE                         text40       002A00
_INT0_ACTION                             text57       0029D2
_INT1_ACTION                             text47       0025F4
_INT2_ACTION                             text46       0025AC
_INTCON2bits                             (abs)        000FF1
_INTCON3bits                             (abs)        000FF0
_INTCONbits                              (abs)        000FF2
_INT_isr                                 intcode      000008
_LATA                                    (abs)        000F89
_LATB                                    (abs)        000F8A
_LATBbits                                (abs)        000F8A
_LATC                                    (abs)        000F8B
_LATCbits                                (abs)        000F8B
_LATD                                    (abs)        000F8C
_LATDbits                                (abs)        000F8C
_LATE                                    (abs)        000F8D
_Lectura                                 bssCOMRAM    000053
_LecturaFiltro                           bssCOMRAM    000051
_Motor_Calcular_PasosX                   text35       002188
_Motor_Calcular_PasosY                   text34       002104
_Motor_Conversion                        text30       002282
_Motor_Home                              text59       002A3A
_Motor_Movimiento                        text24       002080
_Motor_MovimientoZ                       text22       00244C
_Motor_Movimiento_Home                   text48       00263C
_OSCCON                                  (abs)        000FD3
_PIR1bits                                (abs)        000F9E
_PIR2bits                                (abs)        000FA1
_PORTA                                   (abs)        000F80
_PORTAbits                               (abs)        000F80
_PORTB                                   (abs)        000F81
_PORTC                                   (abs)        000F82
_PORTCbits                               (abs)        000F82
_PORTD                                   (abs)        000F83
_PORTDbits                               (abs)        000F83
_PORTE                                   (abs)        000F84
_PR2                                     (abs)        000FCB
_PWM_GeneratePulsos                      text25       0012D0
_PWM_InitF                               text29       0028B8
_PWM_InitS                               text28       0028F8
_PWM_OneshotX                            text27       0027D4
_PWM_OneshotY                            text26       0027A2
_PasosX                                  bssBANK0     0000B0
_PasosY                                  bssBANK0     0000AE
_RCIF                                    (abs)        007CF5
_RCONbits                                (abs)        000FD0
_RCREG                                   (abs)        000FAE
_RCSTAbits                               (abs)        000FAB
_SPBRG                                   (abs)        000FAF
_Seria_Decodificacion_Memoria            text21       000B6C
_Serial_DecodificacionX                  text16       001FB6
_Serial_DecodificacionY                  text15       001EE0
_Serial_Escritura_Memoria                text13       00157C
_Serial_Lectura_MemoriaX                 text10       001CF6
_Serial_Lectura_MemoriaY                 text9        001AEA
_Serial_Lectura_MemoriaZ                 text8        0019E4
_Serial_Oupcode                          text5        000012
_Serial_RangosCoordenadas                text11       002770
_Suma                                    bssCOMRAM    000044
_T2CON                                   (abs)        000FCA
_T2CONbits                               (abs)        000FCA
_TRISAbits                               (abs)        000F92
_TRISBbits                               (abs)        000F93
_TRISCbits                               (abs)        000F94
_TRISD                                   (abs)        000F95
_TRISDbits                               (abs)        000F95
_TRISEbits                               (abs)        000F96
_TXREG                                   (abs)        000FAD
_TXSTAbits                               (abs)        000FAC
_UCFGbits                                (abs)        000F6F
_UCONbits                                (abs)        000F6D
_USART_Init                              text3        00220C
_USART_Init$3068                         cstackBANK0  000072
_USART_RxC                               text7        002A28
_USART_RxS                               text6        0024B0
_USART_TxC                               text23       0029BA
_USART_TxS                               text39       0022F6
_Usart_Interface_Flash                   text2        001DFA
_Usart_Interface_ON                      text1        002560
__CFG_BOR$ON                             (abs)        000000
__CFG_BORV$3                             (abs)        000000
__CFG_CCP2MX$ON                          (abs)        000000
__CFG_CP0$OFF                            (abs)        000000
__CFG_CP1$OFF                            (abs)        000000
__CFG_CP2$OFF                            (abs)        000000
__CFG_CP3$OFF                            (abs)        000000
__CFG_CPB$OFF                            (abs)        000000
__CFG_CPD$OFF                            (abs)        000000
__CFG_CPUDIV$OSC1_PLL2                   (abs)        000000
__CFG_EBTR0$OFF                          (abs)        000000
__CFG_EBTR1$OFF                          (abs)        000000
__CFG_EBTR2$OFF                          (abs)        000000
__CFG_EBTR3$OFF                          (abs)        000000
__CFG_EBTRB$OFF                          (abs)        000000
__CFG_FCMEN$OFF                          (abs)        000000
__CFG_FOSC$INTOSCIO_EC                   (abs)        000000
__CFG_ICPRT$OFF                          (abs)        000000
__CFG_IESO$OFF                           (abs)        000000
__CFG_LPT1OSC$OFF                        (abs)        000000
__CFG_LVP$OFF                            (abs)        000000
__CFG_MCLRE$ON                           (abs)        000000
__CFG_PBADEN$OFF                         (abs)        000000
__CFG_PLLDIV$1                           (abs)        000000
__CFG_PWRT$OFF                           (abs)        000000
__CFG_STVREN$ON                          (abs)        000000
__CFG_USBDIV$1                           (abs)        000000
__CFG_VREGEN$OFF                         (abs)        000000
__CFG_WDT$OFF                            (abs)        000000
__CFG_WDTPS$32768                        (abs)        000000
__CFG_WRT0$OFF                           (abs)        000000
__CFG_WRT1$OFF                           (abs)        000000
__CFG_WRT2$OFF                           (abs)        000000
__CFG_WRT3$OFF                           (abs)        000000
__CFG_WRTB$OFF                           (abs)        000000
__CFG_WRTC$OFF                           (abs)        000000
__CFG_WRTD$OFF                           (abs)        000000
__CFG_XINST$OFF                          (abs)        000000
__HRAM                                   (abs)        000000
__Habs1                                  abs1         000000
__Hbank0                                 bank0        000000
__Hbank1                                 bank1        000000
__Hbank2                                 bank2        000000
__Hbank3                                 bank3        000000
__Hbank4                                 bank4        000000
__Hbank5                                 bank5        000000
__Hbank6                                 bank6        000000
__Hbank7                                 bank7        000000
__Hbigbss                                bigbss       000000
__Hbigdata                               bigdata      000000
__Hbigram                                bigram       000000
__Hbss                                   bss          000000
__HbssBANK0                              bssBANK0     000000
__HbssCOMRAM                             bssCOMRAM    000000
__Hcinit                                 cinit        000000
__Hclrtext                               clrtext      000000
__Hcomram                                comram       000000
__Hconfig                                config       30000E
__Hconst                                 const        000000
__HcstackBANK0                           cstackBANK0  000000
__HcstackCOMRAM                          cstackCOMRAM 000000
__Hdata                                  data         000000
__Heeprom_data                           eeprom_data  000000
__Hfarbss                                farbss       000000
__Hfardata                               fardata      000000
__Hibigdata                              ibigdata     000000
__Hidata                                 idata        000000
__Hidloc                                 idloc        200008
__Hifardata                              ifardata     000000
__Hinit                                  init         000012
__Hintcode                               intcode      00000E
__Hintcode_body                          intcode_body 000000
__Hintcodelo                             intcodelo    00000E
__Hintentry                              intentry     000000
__Hintret                                intret       000000
__Hintsave_regs                          intsave_regs 000000
__Hirdata                                irdata       000000
__Hmediumconst                           mediumconst  008000
__HnvFARRAM                              nvFARRAM     000000
__Hnvbit                                 nvbit        000000
__Hnvrram                                nvrram       000000
__Hparam                                 rparam       000000
__Hpowerup                               powerup      00000E
__Hram                                   ram          000000
__Hramtop                                ramtop       000800
__Hrbit                                  rbit         000000
__Hrbss                                  rbss         000000
__Hrdata                                 rdata        000000
__Hreset_vec                             reset_vec    000004
__Hrparam                                rparam       000000
__Hsfr                                   sfr          000000
__Hsmallconst                            smallconst   000000
__Hspace_0                               (abs)        30000E
__Hspace_1                               (abs)        0000D1
__Hspace_2                               (abs)        000000
__Hstack                                 stack        000000
__Hstruct                                struct       000000
__Htemp                                  temp         00005D
__Htext                                  text         000000
__Htext0                                 text0        000000
__Htext1                                 text1        000000
__Htext10                                text10       000000
__Htext11                                text11       000000
__Htext12                                text12       000000
__Htext13                                text13       000000
__Htext14                                text14       000000
__Htext15                                text15       000000
__Htext16                                text16       000000
__Htext17                                text17       000000
__Htext18                                text18       000000
__Htext19                                text19       000000
__Htext2                                 text2        000000
__Htext20                                text20       000000
__Htext21                                text21       000000
__Htext22                                text22       000000
__Htext23                                text23       000000
__Htext24                                text24       000000
__Htext25                                text25       000000
__Htext26                                text26       000000
__Htext27                                text27       000000
__Htext28                                text28       000000
__Htext29                                text29       000000
__Htext3                                 text3        000000
__Htext30                                text30       000000
__Htext31                                text31       000000
__Htext32                                text32       000000
__Htext33                                text33       000000
__Htext34                                text34       000000
__Htext35                                text35       000000
__Htext36                                text36       000000
__Htext37                                text37       000000
__Htext38                                text38       000000
__Htext39                                text39       000000
__Htext4                                 text4        000000
__Htext40                                text40       000000
__Htext41                                text41       000000
__Htext42                                text42       000000
__Htext43                                text43       000000
__Htext44                                text44       000000
__Htext46                                text46       000000
__Htext47                                text47       000000
__Htext48                                text48       000000
__Htext49                                text49       000000
__Htext5                                 text5        000000
__Htext50                                text50       000000
__Htext51                                text51       000000
__Htext52                                text52       000000
__Htext53                                text53       000000
__Htext54                                text54       000000
__Htext55                                text55       000000
__Htext56                                text56       000000
__Htext57                                text57       000000
__Htext58                                text58       000000
__Htext59                                text59       000000
__Htext6                                 text6        000000
__Htext60                                text60       000000
__Htext7                                 text7        000000
__Htext8                                 text8        000000
__Htext9                                 text9        000000
__LRAM                                   (abs)        000001
__Labs1                                  abs1         000000
__Lbank0                                 bank0        000000
__Lbank1                                 bank1        000000
__Lbank2                                 bank2        000000
__Lbank3                                 bank3        000000
__Lbank4                                 bank4        000000
__Lbank5                                 bank5        000000
__Lbank6                                 bank6        000000
__Lbank7                                 bank7        000000
__Lbigbss                                bigbss       000000
__Lbigdata                               bigdata      000000
__Lbigram                                bigram       000000
__Lbss                                   bss          000000
__LbssBANK0                              bssBANK0     000000
__LbssCOMRAM                             bssCOMRAM    000000
__Lcinit                                 cinit        000000
__Lclrtext                               clrtext      000000
__Lcomram                                comram       000000
__Lconfig                                config       300000
__Lconst                                 const        000000
__LcstackBANK0                           cstackBANK0  000000
__LcstackCOMRAM                          cstackCOMRAM 000000
__Ldata                                  data         000000
__Leeprom_data                           eeprom_data  000000
__Lfarbss                                farbss       000000
__Lfardata                               fardata      000000
__Libigdata                              ibigdata     000000
__Lidata                                 idata        000000
__Lidloc                                 idloc        200000
__Lifardata                              ifardata     000000
__Linit                                  init         00000E
__Lintcode                               intcode      000008
__Lintcode_body                          intcode_body 000000
__Lintcodelo                             intcodelo    00000E
__Lintentry                              intentry     000000
__Lintret                                intret       000000
__Lintsave_regs                          intsave_regs 000000
__Lirdata                                irdata       000000
__Lmediumconst                           mediumconst  007C46
__LnvFARRAM                              nvFARRAM     000000
__Lnvbit                                 nvbit        000000
__Lnvrram                                nvrram       000000
__Lparam                                 rparam       000000
__Lpowerup                               powerup      00000E
__Lram                                   ram          000000
__Lramtop                                ramtop       000800
__Lrbit                                  rbit         000000
__Lrbss                                  rbss         000000
__Lrdata                                 rdata        000000
__Lreset_vec                             reset_vec    000000
__Lrparam                                rparam       000000
__Lsfr                                   sfr          000000
__Lsmallconst                            smallconst   000000
__Lspace_0                               (abs)        000000
__Lspace_1                               (abs)        000000
__Lspace_2                               (abs)        000000
__Lstack                                 stack        000000
__Lstruct                                struct       000000
__Ltemp                                  temp         00005C
__Ltext                                  text         000000
__Ltext0                                 text0        000000
__Ltext1                                 text1        000000
__Ltext10                                text10       000000
__Ltext11                                text11       000000
__Ltext12                                text12       000000
__Ltext13                                text13       000000
__Ltext14                                text14       000000
__Ltext15                                text15       000000
__Ltext16                                text16       000000
__Ltext17                                text17       000000
__Ltext18                                text18       000000
__Ltext19                                text19       000000
__Ltext2                                 text2        000000
__Ltext20                                text20       000000
__Ltext21                                text21       000000
__Ltext22                                text22       000000
__Ltext23                                text23       000000
__Ltext24                                text24       000000
__Ltext25                                text25       000000
__Ltext26                                text26       000000
__Ltext27                                text27       000000
__Ltext28                                text28       000000
__Ltext29                                text29       000000
__Ltext3                                 text3        000000
__Ltext30                                text30       000000
__Ltext31                                text31       000000
__Ltext32                                text32       000000
__Ltext33                                text33       000000
__Ltext34                                text34       000000
__Ltext35                                text35       000000
__Ltext36                                text36       000000
__Ltext37                                text37       000000
__Ltext38                                text38       000000
__Ltext39                                text39       000000
__Ltext4                                 text4        000000
__Ltext40                                text40       000000
__Ltext41                                text41       000000
__Ltext42                                text42       000000
__Ltext43                                text43       000000
__Ltext44                                text44       000000
__Ltext46                                text46       000000
__Ltext47                                text47       000000
__Ltext48                                text48       000000
__Ltext49                                text49       000000
__Ltext5                                 text5        000000
__Ltext50                                text50       000000
__Ltext51                                text51       000000
__Ltext52                                text52       000000
__Ltext53                                text53       000000
__Ltext54                                text54       000000
__Ltext55                                text55       000000
__Ltext56                                text56       000000
__Ltext57                                text57       000000
__Ltext58                                text58       000000
__Ltext59                                text59       000000
__Ltext6                                 text6        000000
__Ltext60                                text60       000000
__Ltext7                                 text7        000000
__Ltext8                                 text8        000000
__Ltext9                                 text9        000000
__S0                                     (abs)        30000E
__S1                                     (abs)        0000D1
__S2                                     (abs)        000000
___aldiv                                 text4        0017CE
___aldiv@counter                         cstackBANK0  000068
___aldiv@dividend                        cstackBANK0  000060
___aldiv@divisor                         cstackBANK0  000064
___aldiv@quotient                        cstackBANK0  00006A
___aldiv@sign                            cstackBANK0  000069
___fldiv                                 text33       000436
___fldiv@a                               cstackBANK0  000072
___fldiv@aexp                            cstackBANK0  000086
___fldiv@b                               cstackBANK0  00006E
___fldiv@bexp                            cstackBANK0  000085
___fldiv@grs                             cstackBANK0  000081
___fldiv@new_exp                         cstackBANK0  00007F
___fldiv@rem                             cstackBANK0  00007A
___fldiv@sign                            cstackBANK0  00007E
___fltol                                 text32       0018DC
___fltol@exp1                            cstackBANK0  000090
___fltol@f1                              cstackBANK0  000087
___fltol@sign1                           cstackBANK0  00008F
___inthi_sp                              stack        000000
___intlo_sp                              stack        000000
___param_bank                            (abs)        000000
___rparam_used                           (abs)        000001
___sp                                    stack        000000
___wmul                                  text20       00286A
___wmul@multiplicand                     cstackBANK0  000062
___wmul@multiplier                       cstackBANK0  000060
___wmul@product                          cstackBANK0  000064
___xxtofl                                text31       000DD6
___xxtofl@arg                            cstackBANK0  00006A
___xxtofl@exp                            cstackBANK0  000069
___xxtofl@sign                           cstackBANK0  000068
___xxtofl@val                            cstackBANK0  000060
__accesstop                              (abs)        000060
__activetblptr                           (abs)        000002
__end_of_Actuator_Hold                   text38       0029A0
__end_of_Actuator_Retract                text37       002986
__end_of_Actuator_Touch                  text36       00273C
__end_of_EEPROM_Rx                       text12       002A00
__end_of_EEPROM_Tx                       text14       002770
__end_of_GPIO_init_PORTA                 text44       00296C
__end_of_GPIO_init_PORTB                 text43       0029BA
__end_of_GPIO_init_PORTC                 text42       002A28
__end_of_GPIO_init_PORTD                 text41       002950
__end_of_GPIO_init_PORTE                 text40       002A14
__end_of_INT0_ACTION                     text57       0029EA
__end_of_INT1_ACTION                     text47       00263C
__end_of_INT2_ACTION                     text46       0025F4
__end_of_INT_isr                         intcode_body 0023DA
__end_of_L1                              mediumconst  007CA3
__end_of_L2                              mediumconst  007C9F
__end_of_L3                              mediumconst  007C9B
__end_of_L4                              mediumconst  007C97
__end_of_L5                              mediumconst  007C93
__end_of_L6                              mediumconst  007C8F
__end_of_Motor_Calcular_PasosX           text35       00220C
__end_of_Motor_Calcular_PasosY           text34       002188
__end_of_Motor_Conversion                text30       0022F6
__end_of_Motor_Home                      text59       002A46
__end_of_Motor_Movimiento                text24       002104
__end_of_Motor_MovimientoZ               text22       0024B0
__end_of_Motor_Movimiento_Home           text48       002684
__end_of_P1                              mediumconst  007C8B
__end_of_P2                              mediumconst  007C87
__end_of_P3                              mediumconst  007C83
__end_of_P4                              mediumconst  007C7F
__end_of_P5                              mediumconst  007C7B
__end_of_PWM_GeneratePulsos              text25       001428
__end_of_PWM_InitF                       text29       0028D8
__end_of_PWM_InitS                       text28       002916
__end_of_PWM_OneshotX                    text27       002806
__end_of_PWM_OneshotY                    text26       0027D4
__end_of_Seria_Decodificacion_Memoria    text21       000DD6
__end_of_Serial_DecodificacionX          text16       002080
__end_of_Serial_DecodificacionY          text15       001FB6
__end_of_Serial_Escritura_Memoria        text13       0016B2
__end_of_Serial_Lectura_MemoriaX         text10       001DFA
__end_of_Serial_Lectura_MemoriaY         text9        001BF0
__end_of_Serial_Lectura_MemoriaZ         text8        001AEA
__end_of_Serial_Oupcode                  text5        000436
__end_of_Serial_RangosCoordenadas        text11       0027A2
__end_of_USART_Init                      text3        002282
__end_of_USART_RxC                       text7        002A3A
__end_of_USART_RxS                       text6        00250C
__end_of_USART_TxC                       text23       0029D2
__end_of_USART_TxS                       text39       002368
__end_of_Usart_Interface_Flash           text2        001EE0
__end_of_Usart_Interface_ON              text1        0025AC
__end_of___aldiv                         text4        0018DC
__end_of___fldiv                         text33       0007D2
__end_of___fltol                         text32       0019E4
__end_of___wmul                          text20       002892
__end_of___xxtofl                        text31       000F8E
__end_of__initialization                 cinit        0028AA
__end_of_atoi                            text17       0012D0
__end_of_bp                              mediumconst  007CB7
__end_of_cp                              mediumconst  007C67
__end_of_cp_h                            mediumconst  007CC3
__end_of_cp_l                            mediumconst  007CBF
__end_of_dp_h                            mediumconst  007C57
__end_of_dp_l                            mediumconst  007C4F
__end_of_huge                            mediumconst  007CAB
__end_of_isdigit                         text19       002706
__end_of_isspace                         text18       002560
__end_of_ivln2                           mediumconst  007C63
__end_of_ivln2_h                         mediumconst  007CBB
__end_of_ivln2_l                         mediumconst  007C5F
__end_of_lg2                             mediumconst  007C77
__end_of_lg2_h                           mediumconst  007C73
__end_of_lg2_l                           mediumconst  007C6F
__end_of_main                            text0        0017CE
__end_of_main_Home                       text58       0026CC
__end_of_ovt                             mediumconst  007C6B
__end_of_tiny                            mediumconst  007CA7
__end_of_two24                           mediumconst  007CAF
__end_ofi2_Motor_Conversion              text53       00244C
__end_ofi2_PWM_GeneratePulsos            text49       00157C
__end_ofi2_PWM_InitF                     text52       0028F8
__end_ofi2_PWM_InitS                     text60       002934
__end_ofi2_PWM_OneshotX                  text51       00286A
__end_ofi2_PWM_OneshotY                  text50       002838
__end_ofi2___fldiv                       text56       000B6C
__end_ofi2___fltol                       text55       001CF6
__end_ofi2___xxtofl                      text54       001142
__end_ofsqrtf@tiny                       mediumconst  007C5B
__initialization                         cinit        002892
__mediumconst                            mediumconst  007C46
__pbssBANK0                              bssBANK0     0000A2
__pbssCOMRAM                             bssCOMRAM    000040
__pcinit                                 cinit        002892
__pcstackBANK0                           cstackBANK0  000060
__pcstackCOMRAM                          cstackCOMRAM 000001
__pintcode                               intcode      000008
__pintcode_body                          intcode_body 002368
__pmediumconst                           mediumconst  007C46
__ptext0                                 text0        0016B2
__ptext1                                 text1        002560
__ptext10                                text10       001CF6
__ptext11                                text11       002770
__ptext12                                text12       0029EA
__ptext13                                text13       00157C
__ptext14                                text14       00273C
__ptext15                                text15       001EE0
__ptext16                                text16       001FB6
__ptext17                                text17       001142
__ptext18                                text18       00250C
__ptext19                                text19       0026CC
__ptext2                                 text2        001DFA
__ptext20                                text20       00286A
__ptext21                                text21       000B6C
__ptext22                                text22       00244C
__ptext23                                text23       0029BA
__ptext24                                text24       002080
__ptext25                                text25       0012D0
__ptext26                                text26       0027A2
__ptext27                                text27       0027D4
__ptext28                                text28       0028F8
__ptext29                                text29       0028B8
__ptext3                                 text3        00220C
__ptext30                                text30       002282
__ptext31                                text31       000DD6
__ptext32                                text32       0018DC
__ptext33                                text33       000436
__ptext34                                text34       002104
__ptext35                                text35       002188
__ptext36                                text36       002706
__ptext37                                text37       00296C
__ptext38                                text38       002986
__ptext39                                text39       0022F6
__ptext4                                 text4        0017CE
__ptext40                                text40       002A00
__ptext41                                text41       002934
__ptext42                                text42       002A14
__ptext43                                text43       0029A0
__ptext44                                text44       002950
__ptext46                                text46       0025AC
__ptext47                                text47       0025F4
__ptext48                                text48       00263C
__ptext49                                text49       001428
__ptext5                                 text5        000012
__ptext50                                text50       002806
__ptext51                                text51       002838
__ptext52                                text52       0028D8
__ptext53                                text53       0023DA
__ptext54                                text54       000F8E
__ptext55                                text55       001BF0
__ptext56                                text56       0007D2
__ptext57                                text57       0029D2
__ptext58                                text58       002684
__ptext59                                text59       002A3A
__ptext6                                 text6        0024B0
__ptext60                                text60       002916
__ptext7                                 text7        002A28
__ptext8                                 text8        0019E4
__ptext9                                 text9        001AEA
__ramtop                                 ramtop       000800
__size_of_Actuator_Hold                  (abs)        000000
__size_of_Actuator_Retract               (abs)        000000
__size_of_Actuator_Touch                 (abs)        000000
__size_of_EEPROM_Rx                      (abs)        000000
__size_of_EEPROM_Tx                      (abs)        000000
__size_of_GPIO_init_PORTA                (abs)        000000
__size_of_GPIO_init_PORTB                (abs)        000000
__size_of_GPIO_init_PORTC                (abs)        000000
__size_of_GPIO_init_PORTD                (abs)        000000
__size_of_GPIO_init_PORTE                (abs)        000000
__size_of_INT0_ACTION                    (abs)        000000
__size_of_INT1_ACTION                    (abs)        000000
__size_of_INT2_ACTION                    (abs)        000000
__size_of_INT_isr                        (abs)        000000
__size_of_Motor_Calcular_PasosX          (abs)        000000
__size_of_Motor_Calcular_PasosY          (abs)        000000
__size_of_Motor_Conversion               (abs)        000000
__size_of_Motor_Home                     (abs)        000000
__size_of_Motor_Movimiento               (abs)        000000
__size_of_Motor_MovimientoZ              (abs)        000000
__size_of_Motor_Movimiento_Home          (abs)        000000
__size_of_PWM_GeneratePulsos             (abs)        000000
__size_of_PWM_InitF                      (abs)        000000
__size_of_PWM_InitS                      (abs)        000000
__size_of_PWM_OneshotX                   (abs)        000000
__size_of_PWM_OneshotY                   (abs)        000000
__size_of_Seria_Decodificacion_Memoria   (abs)        000000
__size_of_Serial_DecodificacionX         (abs)        000000
__size_of_Serial_DecodificacionY         (abs)        000000
__size_of_Serial_Escritura_Memoria       (abs)        000000
__size_of_Serial_Lectura_MemoriaX        (abs)        000000
__size_of_Serial_Lectura_MemoriaY        (abs)        000000
__size_of_Serial_Lectura_MemoriaZ        (abs)        000000
__size_of_Serial_Oupcode                 (abs)        000000
__size_of_Serial_RangosCoordenadas       (abs)        000000
__size_of_USART_Init                     (abs)        000000
__size_of_USART_RxC                      (abs)        000000
__size_of_USART_RxS                      (abs)        000000
__size_of_USART_TxC                      (abs)        000000
__size_of_USART_TxS                      (abs)        000000
__size_of_Usart_Interface_Flash          (abs)        000000
__size_of_Usart_Interface_ON             (abs)        000000
__size_of___aldiv                        (abs)        000000
__size_of___fldiv                        (abs)        000000
__size_of___fltol                        (abs)        000000
__size_of___wmul                         (abs)        000000
__size_of___xxtofl                       (abs)        000000
__size_of_atoi                           (abs)        000000
__size_of_isdigit                        (abs)        000000
__size_of_isspace                        (abs)        000000
__size_of_main                           (abs)        000000
__size_of_main_Home                      (abs)        000000
__size_ofi2_Motor_Conversion             (abs)        000000
__size_ofi2_PWM_GeneratePulsos           (abs)        000000
__size_ofi2_PWM_InitF                    (abs)        000000
__size_ofi2_PWM_InitS                    (abs)        000000
__size_ofi2_PWM_OneshotX                 (abs)        000000
__size_ofi2_PWM_OneshotY                 (abs)        000000
__size_ofi2___fldiv                      (abs)        000000
__size_ofi2___fltol                      (abs)        000000
__size_ofi2___xxtofl                     (abs)        000000
__smallconst                             smallconst   000000
_atoi                                    text17       001142
_atoi$2657                               cstackBANK0  00006F
_atoi$2658                               cstackBANK0  000073
_atoi$2659                               cstackBANK0  000071
_bites_masS                              bssCOMRAM    000058
_bites_menosS                            bssCOMRAM    000059
_bp                                      mediumconst  007CAF
_coordenada_anteriorX                    bssBANK0     0000A8
_coordenada_anteriorY                    bssBANK0     0000A6
_coordenada_array                        bssBANK0     0000C4
_coordenada_setpoint                     bssBANK0     0000B9
_data                                    bssCOMRAM    000057
_dp_h                                    mediumconst  007C4F
_dp_l                                    mediumconst  007C47
_errno                                   bssCOMRAM    00004B
_home                                    bssCOMRAM    000055
_isdigit                                 text19       0026CC
_isspace                                 text18       00250C
_isspace$2675                            cstackBANK0  000066
_main                                    text0        0016B2
_main_Home                               text58       002684
_oneshotX                                bssBANK0     0000B8
_oneshotY                                bssBANK0     0000B7
_pasos_convertidos                       bssBANK0     0000B2
atoi@n                                   cstackBANK0  000074
atoi@neg                                 cstackBANK0  00006D
atoi@s                                   cstackBANK0  000067
btemp                                    temp         00005C
end_of_initialization                    cinit        0028AA
fabsf@F463                               bssCOMRAM    000040
i2Motor_Conversion@Coordenada            cstackCOMRAM 000032
i2Motor_Conversion@conversion            cstackCOMRAM 000034
i2PWM_GeneratePulsos@Oupcode             cstackCOMRAM 000008
i2PWM_GeneratePulsos@countX              cstackCOMRAM 000009
i2PWM_GeneratePulsos@countY              cstackCOMRAM 00000B
i2PWM_GeneratePulsos@pulsosX             cstackCOMRAM 000003
i2PWM_GeneratePulsos@pulsosY             cstackCOMRAM 000005
i2PWM_OneshotX@countX                    cstackCOMRAM 000001
i2PWM_OneshotY@countY                    cstackCOMRAM 000001
i2_Motor_Conversion                      text53       0023DA
i2_PWM_GeneratePulsos                    text49       001428
i2_PWM_InitF                             text52       0028D8
i2_PWM_InitS                             text60       002916
i2_PWM_OneshotX                          text51       002838
i2_PWM_OneshotY                          text50       002806
i2___fldiv                               text56       0007D2
i2___fldiv@a                             cstackCOMRAM 000013
i2___fldiv@aexp                          cstackCOMRAM 000027
i2___fldiv@b                             cstackCOMRAM 00000F
i2___fldiv@bexp                          cstackCOMRAM 000026
i2___fldiv@grs                           cstackCOMRAM 000022
i2___fldiv@new_exp                       cstackCOMRAM 000020
i2___fldiv@rem                           cstackCOMRAM 00001B
i2___fldiv@sign                          cstackCOMRAM 00001F
i2___fltol                               text55       001BF0
i2___fltol@exp1                          cstackCOMRAM 000031
i2___fltol@f1                            cstackCOMRAM 000028
i2___fltol@sign1                         cstackCOMRAM 000030
i2___xxtofl                              text54       000F8E
i2___xxtofl@arg                          cstackCOMRAM 00000B
i2___xxtofl@exp                          cstackCOMRAM 00000A
i2___xxtofl@sign                         cstackCOMRAM 000009
i2___xxtofl@val                          cstackCOMRAM 000001
int$flags                                temp         00005C
int_func                                 intcode_body 002368
intlevel0                                text         000000
intlevel1                                text         000000
intlevel2                                text         000000
intlevel3                                text         000000
isdigit@c                                cstackBANK0  000060
isspace@c                                cstackBANK0  000060
stackhi                                  (abs)        0007FF
stacklo                                  (abs)        0000D1
start                                    init         00000E
start_initialization                     cinit        002892
ttemp5                                   temp         00005D
ttemp6                                   temp         000060
ttemp7                                   temp         000064
wtemp8                                   temp         00005D


FUNCTION INFORMATION:

 *************** function _main *****************
 Defined at:
		line 20 in file "main.c"
 Parameters:    Size  Location     Type
		None
 Auto vars:     Size  Location     Type
		None
 Return value:  Size  Location     Type
                  1    wreg      void 
 Registers used:
		wreg, fsr0l, fsr0h, fsr1l, fsr1h, fsr2l, fsr2h, status,2, status,0, tblptrl, tblptrh, tblptru, prodl, prodh, cstack
 Tracked objects:
		On entry : 
		On exit  : 
		Unchanged: 
 Data sizes:     COMRAM   BANK0   BANK1   BANK2   BANK3   BANK4   BANK5   BANK6   BANK7
      Params:         0       0       0       0       0       0       0       0       0
      Locals:         0       0       0       0       0       0       0       0       0
      Temps:          0       2       0       0       0       0       0       0       0
      Totals:         0       2       0       0       0       0       0       0       0
Total ram usage:        2 bytes
 Hardware stack levels required when called:    9
 This function calls:
		_GPIO_init_PORTA
		_GPIO_init_PORTB
		_GPIO_init_PORTC
		_GPIO_init_PORTD
		_GPIO_init_PORTE
		_Serial_Oupcode
		_USART_Init
		_USART_TxS
		_Usart_Interface_Flash
		_Usart_Interface_ON
 This function is called by:
		Startup code after reset
 This function uses a non-reentrant model


 *************** function _Usart_Interface_ON *****************
 Defined at:
		line 24 in file "User_Interface.c"
 Parameters:    Size  Location     Type
  color           1    wreg     unsigned char 
 Auto vars:     Size  Location     Type
  color           1    0[BANK0 ] unsigned char 
 Return value:  Size  Location     Type
                  1    wreg      void 
 Registers used:
		wreg, status,2, status,0
 Tracked objects:
		On entry : 
		On exit  : 
		Unchanged: 
 Data sizes:     COMRAM   BANK0   BANK1   BANK2   BANK3   BANK4   BANK5   BANK6   BANK7
      Params:         0       0       0       0       0       0       0       0       0
      Locals:         0       1       0       0       0       0       0       0       0
      Temps:          0       0       0       0       0       0       0       0       0
      Totals:         0       1       0       0       0       0       0       0       0
Total ram usage:        1 bytes
 Hardware stack levels used:    1
 Hardware stack levels required when called:    5
 This function calls:
		Nothing
 This function is called by:
		_main
 This function uses a non-reentrant model


 *************** function _Usart_Interface_Flash *****************
 Defined at:
		line 35 in file "User_Interface.c"
 Parameters:    Size  Location     Type
  color           1    wreg     unsigned char 
 Auto vars:     Size  Location     Type
  color           1    2[BANK0 ] unsigned char 
 Return value:  Size  Location     Type
                  1    wreg      void 
 Registers used:
		wreg, status,2, status,0
 Tracked objects:
		On entry : 
		On exit  : 
		Unchanged: 
 Data sizes:     COMRAM   BANK0   BANK1   BANK2   BANK3   BANK4   BANK5   BANK6   BANK7
      Params:         0       0       0       0       0       0       0       0       0
      Locals:         0       1       0       0       0       0       0       0       0
      Temps:          0       2       0       0       0       0       0       0       0
      Totals:         0       3       0       0       0       0       0       0       0
Total ram usage:        3 bytes
 Hardware stack levels used:    1
 Hardware stack levels required when called:    5
 This function calls:
		Nothing
 This function is called by:
		_main
 This function uses a non-reentrant model


 *************** function _USART_Init *****************
 Defined at:
		line 6 in file "UART.c"
 Parameters:    Size  Location     Type
  BAUD            4   14[BANK0 ] long 
 Auto vars:     Size  Location     Type
		None
 Return value:  Size  Location     Type
                  1    wreg      void 
 Registers used:
		wreg, status,2, status,0, cstack
 Tracked objects:
		On entry : 
		On exit  : 
		Unchanged: 
 Data sizes:     COMRAM   BANK0   BANK1   BANK2   BANK3   BANK4   BANK5   BANK6   BANK7
      Params:         0       4       0       0       0       0       0       0       0
      Locals:         0       4       0       0       0       0       0       0       0
      Temps:          0       0       0       0       0       0       0       0       0
      Totals:         0       8       0       0       0       0       0       0       0
Total ram usage:        8 bytes
 Hardware stack levels used:    1
 Hardware stack levels required when called:    6
 This function calls:
		___aldiv
 This function is called by:
		_main
 This function uses a non-reentrant model


 *************** function ___aldiv *****************
 Defined at:
		line 7 in file "C:\Program Files (x86)\Microchip\xc8\v2.10\pic\sources\c99\common\aldiv.c"
 Parameters:    Size  Location     Type
  dividend        4    0[BANK0 ] long 
  divisor         4    4[BANK0 ] long 
 Auto vars:     Size  Location     Type
  quotient        4   10[BANK0 ] long 
  sign            1    9[BANK0 ] unsigned char 
  counter         1    8[BANK0 ] unsigned char 
 Return value:  Size  Location     Type
                  4    0[BANK0 ] long 
 Registers used:
		wreg, status,2, status,0
 Tracked objects:
		On entry : 
		On exit  : 
		Unchanged: 
 Data sizes:     COMRAM   BANK0   BANK1   BANK2   BANK3   BANK4   BANK5   BANK6   BANK7
      Params:         0       8       0       0       0       0       0       0       0
      Locals:         0       6       0       0       0       0       0       0       0
      Temps:          0       0       0       0       0       0       0       0       0
      Totals:         0      14       0       0       0       0       0       0       0
Total ram usage:       14 bytes
 Hardware stack levels used:    1
 Hardware stack levels required when called:    5
 This function calls:
		Nothing
 This function is called by:
		_USART_Init
		_ADC_LecturaFiltro
 This function uses a non-reentrant model


 *************** function _Serial_Oupcode *****************
 Defined at:
		line 22 in file "serial.c"
 Parameters:    Size  Location     Type
		None
 Auto vars:     Size  Location     Type
  Oupcode         1   63[BANK0 ] unsigned char 
  instruction_    1   62[BANK0 ] unsigned char 
 Return value:  Size  Location     Type
                  1    wreg      void 
 Registers used:
		wreg, fsr0l, fsr0h, fsr1l, fsr1h, fsr2l, fsr2h, status,2, status,0, tblptrl, tblptrh, tblptru, prodl, prodh, cstack
 Tracked objects:
		On entry : 
		On exit  : 
		Unchanged: 
 Data sizes:     COMRAM   BANK0   BANK1   BANK2   BANK3   BANK4   BANK5   BANK6   BANK7
      Params:         0       0       0       0       0       0       0       0       0
      Locals:         0       2       0       0       0       0       0       0       0
      Temps:          0       2       0       0       0       0       0       0       0
      Totals:         0       4       0       0       0       0       0       0       0
Total ram usage:        4 bytes
 Hardware stack levels used:    1
 Hardware stack levels required when called:    8
 This function calls:
		_Actuator_Hold
		_Actuator_Retract
		_Actuator_Touch
		_Motor_Movimiento
		_Motor_MovimientoZ
		_Seria_Decodificacion_Memoria
		_Serial_DecodificacionX
		_Serial_DecodificacionY
		_Serial_Escritura_Memoria
		_Serial_Lectura_MemoriaX
		_Serial_Lectura_MemoriaY
		_Serial_Lectura_MemoriaZ
		_Serial_RangosCoordenadas
		_USART_RxC
		_USART_RxS
		_USART_TxC
		_USART_TxS
 This function is called by:
		_main
 This function uses a non-reentrant model


 *************** function _USART_RxS *****************
 Defined at:
		line 48 in file "UART.c"
 Parameters:    Size  Location     Type
  length          1    wreg     unsigned char 
  pointer         2    0[BANK0 ] PTR unsigned char 
		 -> coordenada_setpoint(11), coordenada_array(7), 
 Auto vars:     Size  Location     Type
  length          1    5[BANK0 ] unsigned char 
  i               2    6[BANK0 ] int 
 Return value:  Size  Location     Type
                  1    wreg      void 
 Registers used:
		wreg, fsr2l, fsr2h, status,2, status,0
 Tracked objects:
		On entry : 
		On exit  : 
		Unchanged: 
 Data sizes:     COMRAM   BANK0   BANK1   BANK2   BANK3   BANK4   BANK5   BANK6   BANK7
      Params:         0       2       0       0       0       0       0       0       0
      Locals:         0       3       0       0       0       0       0       0       0
      Temps:          0       3       0       0       0       0       0       0       0
      Totals:         0       8       0       0       0       0       0       0       0
Total ram usage:        8 bytes
 Hardware stack levels used:    1
 Hardware stack levels required when called:    5
 This function calls:
		Nothing
 This function is called by:
		_Serial_Oupcode
 This function uses a non-reentrant model


 *************** function _USART_RxC *****************
 Defined at:
		line 30 in file "UART.c"
 Parameters:    Size  Location     Type
		None
 Auto vars:     Size  Location     Type
		None
 Return value:  Size  Location     Type
                  1    wreg      unsigned char 
 Registers used:
		wreg, status,2
 Tracked objects:
		On entry : 
		On exit  : 
		Unchanged: 
 Data sizes:     COMRAM   BANK0   BANK1   BANK2   BANK3   BANK4   BANK5   BANK6   BANK7
      Params:         0       0       0       0       0       0       0       0       0
      Locals:         0       0       0       0       0       0       0       0       0
      Temps:          0       0       0       0       0       0       0       0       0
      Totals:         0       0       0       0       0       0       0       0       0
Total ram usage:        0 bytes
 Hardware stack levels used:    1
 Hardware stack levels required when called:    5
 This function calls:
		Nothing
 This function is called by:
		_Serial_Oupcode
 This function uses a non-reentrant model


 *************** function _Serial_Lectura_MemoriaZ *****************
 Defined at:
		line 284 in file "serial.c"
 Parameters:    Size  Location     Type
  direccion       1    wreg     unsigned char 
  pointerCZ       2   22[BANK0 ] PTR int 
		 -> CoordenadaZ(2), 
 Auto vars:     Size  Location     Type
  direccion       1   25[BANK0 ] unsigned char 
  i               2   32[BANK0 ] int 
  i               2   30[BANK0 ] int 
  coordenadaZ     3   27[BANK0 ] unsigned char [3]
  direccionZ      1   26[BANK0 ] unsigned char 
 Return value:  Size  Location     Type
                  1    wreg      void 
 Registers used:
		wreg, fsr0l, fsr0h, fsr2l, fsr2h, status,2, status,0, tblptrl, tblptrh, tblptru, prodl, prodh, cstack
 Tracked objects:
		On entry : 
		On exit  : 
		Unchanged: 
 Data sizes:     COMRAM   BANK0   BANK1   BANK2   BANK3   BANK4   BANK5   BANK6   BANK7
      Params:         0       2       0       0       0       0       0       0       0
[...]
 Tracked objects:
		On entry : 
		On exit  : 
		Unchanged: 
 Data sizes:     COMRAM   BANK0   BANK1   BANK2   BANK3   BANK4   BANK5   BANK6   BANK7
      Params:         4       0       0       0       0       0       0       0       0
      Locals:         5       0       0       0       0       0       0       0       0
      Temps:          1       0       0       0       0       0       0       0       0
      Totals:        10       0       0       0       0       0       0       0       0
Total ram usage:       10 bytes
 Hardware stack levels used:    1
 Hardware stack levels required when called:    1
 This function calls:
		i2_PWM_InitF
		i2_PWM_InitS
		i2_PWM_OneshotX
		i2_PWM_OneshotY
 This function is called by:
		_Motor_Movimiento_Home
 This function uses a non-reentrant model


 *************** function i2_PWM_OneshotY *****************
 Defined at:
		line 108 in file "PWM.c"
 Parameters:    Size  Location     Type
  countY          2    0[COMRAM] int 
 Auto vars:     Size  Location     Type
		None
 Return value:  Size  Location     Type
                  2    0[COMRAM] int 
 Registers used:
		wreg, status,2, status,0
 Tracked objects:
		On entry : 
		On exit  : 
		Unchanged: 
 Data sizes:     COMRAM   BANK0   BANK1   BANK2   BANK3   BANK4   BANK5   BANK6   BANK7
      Params:         2       0       0       0       0       0       0       0       0
      Locals:         0       0       0       0       0       0       0       0       0
      Temps:          0       0       0       0       0       0       0       0       0
      Totals:         2       0       0       0       0       0       0       0       0
Total ram usage:        2 bytes
 Hardware stack levels used:    1
 This function calls:
		Nothing
 This function is called by:
		i2_PWM_GeneratePulsos
 This function uses a non-reentrant model


 *************** function i2_PWM_OneshotX *****************
 Defined at:
		line 100 in file "PWM.c"
 Parameters:    Size  Location     Type
  countX          2    0[COMRAM] int 
 Auto vars:     Size  Location     Type
		None
 Return value:  Size  Location     Type
                  2    0[COMRAM] int 
 Registers used:
		wreg, status,2, status,0
 Tracked objects:
		On entry : 
		On exit  : 
		Unchanged: 
 Data sizes:     COMRAM   BANK0   BANK1   BANK2   BANK3   BANK4   BANK5   BANK6   BANK7
      Params:         2       0       0       0       0       0       0       0       0
      Locals:         0       0       0       0       0       0       0       0       0
      Temps:          0       0       0       0       0       0       0       0       0
      Totals:         2       0       0       0       0       0       0       0       0
Total ram usage:        2 bytes
 Hardware stack levels used:    1
 This function calls:
		Nothing
 This function is called by:
		i2_PWM_GeneratePulsos
 This function uses a non-reentrant model


 *************** function i2_PWM_InitF *****************
 Defined at:
		line 72 in file "PWM.c"
 Parameters:    Size  Location     Type
		None
 Auto vars:     Size  Location     Type
		None
 Return value:  Size  Location     Type
                  1    wreg      void 
 Registers used:
		wreg, status,2
 Tracked objects:
		On entry : 
		On exit  : 
		Unchanged: 
 Data sizes:     COMRAM   BANK0   BANK1   BANK2   BANK3   BANK4   BANK5   BANK6   BANK7
      Params:         0       0       0       0       0       0       0       0       0
      Locals:         0       0       0       0       0       0       0       0       0
      Temps:          0       0       0       0       0       0       0       0       0
      Totals:         0       0       0       0       0       0       0       0       0
Total ram usage:        0 bytes
 Hardware stack levels used:    1
 This function calls:
		Nothing
 This function is called by:
		i2_PWM_GeneratePulsos
 This function uses a non-reentrant model


 *************** function i2_Motor_Conversion *****************
 Defined at:
		line 18 in file "Motor.c"
 Parameters:    Size  Location     Type
  Coordenada      2   49[COMRAM] int 
 Auto vars:     Size  Location     Type
  Motor_Conver    4   51[COMRAM] float 
 Return value:  Size  Location     Type
                  2   49[COMRAM] int 
 Registers used:
		wreg, status,2, status,0, cstack
 Tracked objects:
		On entry : 
		On exit  : 
		Unchanged: 
 Data sizes:     COMRAM   BANK0   BANK1   BANK2   BANK3   BANK4   BANK5   BANK6   BANK7
      Params:         2       0       0       0       0       0       0       0       0
      Locals:         4       0       0       0       0       0       0       0       0
      Temps:          0       0       0       0       0       0       0       0       0
      Totals:         6       0       0       0       0       0       0       0       0
Total ram usage:        6 bytes
 Hardware stack levels used:    1
 Hardware stack levels required when called:    1
 This function calls:
		i2___fldiv
		i2___fltol
		i2___xxtofl
 This function is called by:
		_Motor_Movimiento_Home
 This function uses a non-reentrant model


 *************** function i2___xxtofl *****************
 Defined at:
		line 10 in file "C:\Program Files (x86)\Microchip\xc8\v2.10\pic\sources\c99\common\xxtofl.c"
 Parameters:    Size  Location     Type
  sign            1    wreg     unsigned char 
  val             4    0[COMRAM] long 
 Auto vars:     Size  Location     Type
  sign            1    8[COMRAM] unsigned char 
  __xxtofl        4   10[COMRAM] unsigned long 
  __xxtofl        1    9[COMRAM] unsigned char 
 Return value:  Size  Location     Type
                  4    0[COMRAM] unsigned char 
 Registers used:
		wreg, status,2, status,0
 Tracked objects:
		On entry : 
		On exit  : 
		Unchanged: 
 Data sizes:     COMRAM   BANK0   BANK1   BANK2   BANK3   BANK4   BANK5   BANK6   BANK7
      Params:         4       0       0       0       0       0       0       0       0
      Locals:         6       0       0       0       0       0       0       0       0
      Temps:          4       0       0       0       0       0       0       0       0
      Totals:        14       0       0       0       0       0       0       0       0
Total ram usage:       14 bytes
 Hardware stack levels used:    1
 This function calls:
		Nothing
 This function is called by:
		i2_Motor_Conversion
 This function uses a non-reentrant model


 *************** function i2___fltol *****************
 Defined at:
		line 43 in file "C:\Program Files (x86)\Microchip\xc8\v2.10\pic\sources\c99\common\fltol.c"
 Parameters:    Size  Location     Type
  f1              4   39[COMRAM] unsigned char 
 Auto vars:     Size  Location     Type
  __fltol         1   48[COMRAM] unsigned char 
  __fltol         1   47[COMRAM] unsigned char 
 Return value:  Size  Location     Type
                  4   39[COMRAM] long 
 Registers used:
		wreg, status,2, status,0
 Tracked objects:
		On entry : 
		On exit  : 
		Unchanged: 
 Data sizes:     COMRAM   BANK0   BANK1   BANK2   BANK3   BANK4   BANK5   BANK6   BANK7
      Params:         4       0       0       0       0       0       0       0       0
      Locals:         2       0       0       0       0       0       0       0       0
      Temps:          4       0       0       0       0       0       0       0       0
      Totals:        10       0       0       0       0       0       0       0       0
Total ram usage:       10 bytes
 Hardware stack levels used:    1
 This function calls:
		Nothing
 This function is called by:
		i2_Motor_Conversion
 This function uses a non-reentrant model


 *************** function i2___fldiv *****************
 Defined at:
		line 11 in file "C:\Program Files (x86)\Microchip\xc8\v2.10\pic\sources\c99\common\sprcdiv.c"
 Parameters:    Size  Location     Type
  b               4   14[COMRAM] long 
  a               4   18[COMRAM] long 
 Auto vars:     Size  Location     Type
  __fldiv         4   33[COMRAM] unsigned long 
  __fldiv         4   26[COMRAM] unsigned long 
  __fldiv         2   31[COMRAM] short 
  __fldiv         1   38[COMRAM] unsigned char 
  __fldiv         1   37[COMRAM] unsigned char 
  __fldiv         1   30[COMRAM] unsigned char 
 Return value:  Size  Location     Type
                  4   14[COMRAM] unsigned char 
 Registers used:
		wreg, status,2, status,0
 Tracked objects:
		On entry : 
		On exit  : 
		Unchanged: 
 Data sizes:     COMRAM   BANK0   BANK1   BANK2   BANK3   BANK4   BANK5   BANK6   BANK7
      Params:         8       0       0       0       0       0       0       0       0
      Locals:        13       0       0       0       0       0       0       0       0
      Temps:          4       0       0       0       0       0       0       0       0
      Totals:        25       0       0       0       0       0       0       0       0
Total ram usage:       25 bytes
 Hardware stack levels used:    1
 This function calls:
		Nothing
 This function is called by:
		i2_Motor_Conversion
 This function uses a non-reentrant model


 *************** function _INT0_ACTION *****************
 Defined at:
		line 88 in file "main.c"
 Parameters:    Size  Location     Type
		None
 Auto vars:     Size  Location     Type
		None
 Return value:  Size  Location     Type
                  1    wreg      void 
 Registers used:
		wreg, status,2, cstack
 Tracked objects:
		On entry : 
		On exit  : 
		Unchanged: 
 Data sizes:     COMRAM   BANK0   BANK1   BANK2   BANK3   BANK4   BANK5   BANK6   BANK7
      Params:         0       0       0       0       0       0       0       0       0
      Locals:         0       0       0       0       0       0       0       0       0
      Temps:          0       0       0       0       0       0       0       0       0
      Totals:         0       0       0       0       0       0       0       0       0
Total ram usage:        0 bytes
 Hardware stack levels used:    1
 Hardware stack levels required when called:    3
 This function calls:
		_main_Home
 This function is called by:
		_INT_isr
 This function uses a non-reentrant model


 *************** function _main_Home *****************
 Defined at:
		line 116 in file "main.c"
 Parameters:    Size  Location     Type
		None
 Auto vars:     Size  Location     Type
		None
 Return value:  Size  Location     Type
                  1    wreg      void 
 Registers used:
		wreg, status,2, cstack
 Tracked objects:
		On entry : 
		On exit  : 
		Unchanged: 
 Data sizes:     COMRAM   BANK0   BANK1   BANK2   BANK3   BANK4   BANK5   BANK6   BANK7
      Params:         0       0       0       0       0       0       0       0       0
      Locals:         0       0       0       0       0       0       0       0       0
      Temps:          0       0       0       0       0       0       0       0       0
      Totals:         0       0       0       0       0       0       0       0       0
Total ram usage:        0 bytes
 Hardware stack levels used:    1
 Hardware stack levels required when called:    2
 This function calls:
		_Motor_Home
 This function is called by:
		_INT0_ACTION
 This function uses a non-reentrant model


 *************** function _Motor_Home *****************
 Defined at:
		line 88 in file "Motor.c"
 Parameters:    Size  Location     Type
		None
 Auto vars:     Size  Location     Type
		None
 Return value:  Size  Location     Type
                  1    wreg      void 
 Registers used:
		wreg, status,2, cstack
 Tracked objects:
		On entry : 
		On exit  : 
		Unchanged: 
 Data sizes:     COMRAM   BANK0   BANK1   BANK2   BANK3   BANK4   BANK5   BANK6   BANK7
      Params:         0       0       0       0       0       0       0       0       0
      Locals:         0       0       0       0       0       0       0       0       0
      Temps:          0       0       0       0       0       0       0       0       0
      Totals:         0       0       0       0       0       0       0       0       0
Total ram usage:        0 bytes
 Hardware stack levels used:    1
 Hardware stack levels required when called:    1
 This function calls:
		i2_PWM_InitS
 This function is called by:
		_main_Home
 This function uses a non-reentrant model


 *************** function i2_PWM_InitS *****************
 Defined at:
		line 86 in file "PWM.c"
 Parameters:    Size  Location     Type
		None
 Auto vars:     Size  Location     Type
		None
 Return value:  Size  Location     Type
                  1    wreg      void 
 Registers used:
		wreg, status,2
 Tracked objects:
		On entry : 
		On exit  : 
		Unchanged: 
 Data sizes:     COMRAM   BANK0   BANK1   BANK2   BANK3   BANK4   BANK5   BANK6   BANK7
      Params:         0       0       0       0       0       0       0       0       0
      Locals:         0       0       0       0       0       0       0       0       0
      Temps:          0       0       0       0       0       0       0       0       0
      Totals:         0       0       0       0       0       0       0       0       0
Total ram usage:        0 bytes
 Hardware stack levels used:    1
 This function calls:
		Nothing
 This function is called by:
		_Motor_Home
		i2_PWM_GeneratePulsos
 This function uses a non-reentrant model



MODULE INFORMATION

Module		Function		Class		Link	Load	Size
serial.c
		_Serial_DecodificacionY		CODE           	1EE0	0000	215
		_Serial_Lectura_MemoriaX		CODE           	1CF6	0000	261
		_Seria_Decodificacion_Memoria		CODE           	0B6C	0000	619
		_Serial_Escritura_Memoria		CODE           	157C	0000	311
		_Serial_RangosCoordenadas		CODE           	2770	0000	51
		_Serial_Oupcode		CODE           	0012	0000	1061
		_Serial_Lectura_MemoriaZ		CODE           	19E4	0000	263
		_Serial_DecodificacionX		CODE           	1FB6	0000	203
		_Serial_Lectura_MemoriaY		CODE           	1AEA	0000	263

serial.c estimated size: 3247

C:\Program Files (x86)\Microchip\xc8\v2.10\pic\sources\c99\common\atoi.c
		_atoi          		CODE           	1142	0000	399

C:\Program Files (x86)\Microchip\xc8\v2.10\pic\sources\c99\common\atoi.c estimated size: 399

UART.c
		_USART_RxC     		CODE           	2A28	0000	19
		_USART_RxS     		CODE           	24B0	0000	93
		_USART_TxC     		CODE           	29BA	0000	25
		_USART_TxS     		CODE           	22F6	0000	115
		_USART_Init    		CODE           	220C	0000	119

UART.c estimated size: 371

C:\Program Files (x86)\Microchip\xc8\v2.10\pic\sources\c99\common\xxtofl.c
		___xxtofl      		CODE           	0DD6	0000	441

C:\Program Files (x86)\Microchip\xc8\v2.10\pic\sources\c99\common\xxtofl.c estimated size: 441

C:\Program Files (x86)\Microchip\xc8\v2.10\pic\sources\c99\common\isspace.c
		_isspace       		CODE           	250C	0000	85

C:\Program Files (x86)\Microchip\xc8\v2.10\pic\sources\c99\common\isspace.c estimated size: 85

C:\Program Files (x86)\Microchip\xc8\v2.10\pic\sources\c99\common\fltol.c
		___fltol       		CODE           	18DC	0000	265

C:\Program Files (x86)\Microchip\xc8\v2.10\pic\sources\c99\common\fltol.c estimated size: 265

C:\Program Files (x86)\Microchip\xc8\v2.10\pic\sources\c99\common\aldiv.c
		___aldiv       		CODE           	17CE	0000	271

C:\Program Files (x86)\Microchip\xc8\v2.10\pic\sources\c99\common\aldiv.c estimated size: 271

Motor.c
		_Motor_MovimientoZ		CODE           	244C	0000	101
		_Motor_Movimiento		CODE           	2080	0000	133
		_Motor_Movimiento_Home		CODE           	263C	0000	73
		_Motor_Conversion		CODE           	2282	0000	117
		_Motor_Calcular_PasosX		CODE           	2188	0000	133
		_Motor_Home    		CODE           	2A3A	0000	13
		_Motor_Calcular_PasosY		CODE           	2104	0000	133

Motor.c estimated size: 703

C:\Program Files (x86)\Microchip\xc8\v2.10\pic\sources\c99\common\sprcdiv.c
		___fldiv       		CODE           	0436	0000	925

C:\Program Files (x86)\Microchip\xc8\v2.10\pic\sources\c99\common\sprcdiv.c estimated size: 925

User_Interface.c
		_Usart_Interface_Flash		CODE           	1DFA	0000	231
		_Usart_Interface_ON		CODE           	2560	0000	77

User_Interface.c estimated size: 308

EEPROM.c
		_EEPROM_Rx     		CODE           	29EA	0000	23
		_EEPROM_Tx     		CODE           	273C	0000	53

EEPROM.c estimated size: 76

PWM.c
		_PWM_OneshotX  		CODE           	27D4	0000	51
		_PWM_OneshotY  		CODE           	27A2	0000	51
		_PWM_GeneratePulsos		CODE           	12D0	0000	345
		_PWM_InitF     		CODE           	28B8	0000	33
		_PWM_InitS     		CODE           	28F8	0000	31

PWM.c estimated size: 511

shared
		_L5            		MEDIUMCONST    	0000	0000	0
		_P3            		MEDIUMCONST    	0000	0000	0
		_L6            		MEDIUMCONST    	0000	0000	0
		_P4            		MEDIUMCONST    	0000	0000	0
		_P5            		MEDIUMCONST    	0000	0000	0
		i2_PWM_OneshotX		CODE           	2838	0000	51
		i2_PWM_OneshotY		CODE           	2806	0000	51
		_lg2_l         		MEDIUMCONST    	0000	0000	0
		_ivln2_l       		MEDIUMCONST    	0000	0000	0
		_ivln2         		MEDIUMCONST    	0000	0000	0
		i2___fldiv     		CODE           	07D2	0000	923
		i2___fltol     		CODE           	1BF0	0000	263
		__initialization		CODE           	2892	0000	25
		_bp            		MEDIUMCONST    	7CAF	0000	9
		_cp            		MEDIUMCONST    	0000	0000	0
		_cp_h          		MEDIUMCONST    	0000	0000	0
		_dp_h          		MEDIUMCONST    	7C4F	0000	9
		_lg2           		MEDIUMCONST    	0000	0000	0
		_lg2_h         		MEDIUMCONST    	0000	0000	0
		_ivln2_h       		MEDIUMCONST    	0000	0000	0
		i2___xxtofl    		CODE           	0F8E	0000	437
		_tiny          		MEDIUMCONST    	0000	0000	0
		sqrtf@tiny     		MEDIUMCONST    	0000	0000	0
		_ovt           		MEDIUMCONST    	0000	0000	0
		i2_PWM_InitF   		CODE           	28D8	0000	33
		i2_PWM_InitS   		CODE           	2916	0000	31
		i2_PWM_GeneratePulsos		CODE           	1428	0000	341
		_huge          		MEDIUMCONST    	0000	0000	0
		i2_Motor_Conversion		CODE           	23DA	0000	115
		_two24         		MEDIUMCONST    	0000	0000	0
		_cp_l          		MEDIUMCONST    	0000	0000	0
		_dp_l          		MEDIUMCONST    	7C47	0000	9
		_L1            		MEDIUMCONST    	0000	0000	0
		_L2            		MEDIUMCONST    	0000	0000	0
		_L3            		MEDIUMCONST    	0000	0000	0
		_P1            		MEDIUMCONST    	0000	0000	0
		_L4            		MEDIUMCONST    	0000	0000	0
		_P2            		MEDIUMCONST    	0000	0000	0

shared estimated size: 2297

Actuator.c
		_Actuator_Hold 		CODE           	2986	0000	27
		_Actuator_Retract		CODE           	296C	0000	27
		_Actuator_Touch		CODE           	2706	0000	55

Actuator.c estimated size: 109

C:\Program Files (x86)\Microchip\xc8\v2.10\pic\sources\c99\common\isdigit.c
		_isdigit       		CODE           	26CC	0000	59

C:\Program Files (x86)\Microchip\xc8\v2.10\pic\sources\c99\common\isdigit.c estimated size: 59

GPIOsparcA1.c
		_GPIO_init_PORTA		CODE           	2950	0000	29
		_GPIO_init_PORTB		CODE           	29A0	0000	27
		_GPIO_init_PORTC		CODE           	2A14	0000	21
		_GPIO_init_PORTD		CODE           	2934	0000	29
		_GPIO_init_PORTE		CODE           	2A00	0000	21

GPIOsparcA1.c estimated size: 127

C:\Program Files (x86)\Microchip\xc8\v2.10\pic\sources\c99\common\Umul16.c
		___wmul        		CODE           	286A	0000	41

C:\Program Files (x86)\Microchip\xc8\v2.10\pic\sources\c99\common\Umul16.c estimated size: 41

main.c
		_INT0_ACTION   		CODE           	29D2	0000	25
		_INT1_ACTION   		CODE           	25F4	0000	73
		_INT2_ACTION   		CODE           	25AC	0000	73
		_main          		CODE           	16B2	0000	285
		_INT_isr       		CODE           	0008	0000	121
		_main_Home     		CODE           	2684	0000	73

main.c estimated size: 650

