Microchip MPLAB XC8 Compiler V2.10 ()

Linker command line:

-W-3 --edf=C:\Program Files (x86)\Microchip\xc8\v2.10\pic\dat\en_msgs.txt \
  -cs -h+dist/default/production\Serial.X.production.sym \
  --cmf=dist/default/production\Serial.X.production.cmf -z -Q18F4550 \
  -oC:\Users\saenz\AppData\Local\Temp\s8hc.2 --defsym=__MPLAB_BUILD=1 \
  -Mdist/default/production/Serial.X.production.map -E1 -ver=XC8 \
  --acfsm=1493 -ASTACK=072h-07FFh -pstack=STACK -ACODE=00h-07FFFh \
  -ACONST=00h-07FFFh -ASMALLCONST=0800h-08FFhx120 \
  -AMEDIUMCONST=0800h-07FFFh -ACOMRAM=01h-05Fh -AABS1=00h-07FFh \
  -ABIGRAM=01h-07FFh -ARAM=060h-0FFh,0100h-01FFhx7 -ABANK0=060h-0FFh \
  -ABANK1=0100h-01FFh -ABANK2=0200h-02FFh -ABANK3=0300h-03FFh \
  -ABANK4=0400h-04FFh -ABANK5=0500h-05FFh -ABANK6=0600h-06FFh \
  -ABANK7=0700h-07FFh -ASFR=0F60h-0FFFh \
  -preset_vec=00h,intcode=08h,intcodelo,powerup,init -pramtop=0800h \
  -psmallconst=SMALLCONST -pmediumconst=MEDIUMCONST -pconst=CONST \
  -AFARRAM=00h-00h -ACONFIG=0300000h-030000Dh -pconfig=CONFIG \
  -AIDLOC=0200000h-0200007h -pidloc=IDLOC -AEEDATA=0F00000h-0F000FFh \
  -peeprom_data=EEDATA \
  -prdata=COMRAM,nvrram=COMRAM,nvbit=COMRAM,rbss=COMRAM,rbit=COMRAM \
  -pfarbss=FARRAM,fardata=FARRAM,nvFARRAM=FARRAM \
  -pintsave_regs=BIGRAM,bigbss=BIGRAM,bigdata=BIGRAM -pbss=RAM \
  -pidata=CODE,irdata=CODE,ibigdata=CODE,ifardata=CODE -prparam=COMRAM \
  C:\Users\saenz\AppData\Local\Temp\s8hc.o \
  dist/default/production\Serial.X.production.o 

Object code version is 3.11

Machine type is 18F4550

Call graph: (short form)




                Name                               Link     Load   Length Selector   Space Scale
C:\Users\saenz\AppData\Local\Temp\s8hc.o
                init                                  E        E        4        4       0
                reset_vec                             0        0        4        0       0
                idloc                            200000   200000        8   200000       0
                config                           300000   300000        E   300000       0
dist/default/production\Serial.X.production.o
                intcode                               8        8        6        4       0
                temp                                 5F       5F        1        1       1
                text33                             13A4     13A4       28        4       0
                intcode_body                       1418     1418       24        4       0
                text31                             14D8     14D8        4        4       0
                text30                             14D4     14D4        4        4       0
                text29                             147A     147A       1E        4       0
                text28                             1498     1498       16        4       0
                text27                              F6C      F6C       96        4       0
                text26                              ED6      ED6       96        4       0
                text25                               12       12      39A        4       0
                text24                              BF8      BF8      106        4       0
                text23                              564      564      1B4        4       0
                text22                             10F0     10F0       72        4       0
                text21                             143C     143C       20        4       0
                text20                             145C     145C       1E        4       0
                text19                             1374     1374       30        4       0
                text18                             1344     1344       30        4       0
                text17                              8A2      8A2      126        4       0
                text16                             1002     1002       7A        4       0
                text15                              9C8      9C8      124        4       0
                text14                             13F2     13F2       26        4       0
                text13                             12DA     12DA       38        4       0
                text12                             1288     1288       52        4       0
                text11                              718      718      18A        4       0
                text10                             11D0     11D0       62        4       0
                text9                              1162     1162       6E        4       0
                text8                              1312     1312       32        4       0
                text7                               DEA      DEA       EC        4       0
                text6                              14AE     14AE       14        4       0
                text5                               CFE      CFE       EC        4       0
                text4                               AEC      AEC      10C        4       0
                text3                              107C     107C       74        4       0
                text2                              14C2     14C2       12        4       0
                text1                              1232     1232       56        4       0
                text0                               3AC      3AC      1B8        4       0
                cstackCOMRAM                          1        1       3F        1       1
                bssBANK0                             60       60       12       60       1
                bssCOMRAM                            40       40       1F        1       1
                cinit                              13CC     13CC       26        4       0

TOTAL           Name                               Link     Load   Length     Space
        CLASS   STACK          

        CLASS   CODE           
                intcode                               8        8        6         0
                init                                  E        E        4         0
                reset_vec                             0        0        4         0
                text33                             13A4     13A4       28         0
                intcode_body                       1418     1418       24         0
                text31                             14D8     14D8        4         0
                text30                             14D4     14D4        4         0
                text29                             147A     147A       1E         0
                text28                             1498     1498       16         0
                text27                              F6C      F6C       96         0
                text26                              ED6      ED6       96         0
                text25                               12       12      39A         0
                text24                              BF8      BF8      106         0
                text23                              564      564      1B4         0
                text22                             10F0     10F0       72         0
                text21                             143C     143C       20         0
                text20                             145C     145C       1E         0
                text19                             1374     1374       30         0
                text18                             1344     1344       30         0
                text17                              8A2      8A2      126         0
                text16                             1002     1002       7A         0
                text15                              9C8      9C8      124         0
                text14                             13F2     13F2       26         0
                text13                             12DA     12DA       38         0
                text12                             1288     1288       52         0
                text11                              718      718      18A         0
                text10                             11D0     11D0       62         0
                text9                              1162     1162       6E         0
                text8                              1312     1312       32         0
                text7                               DEA      DEA       EC         0
                text6                              14AE     14AE       14         0
                text5                               CFE      CFE       EC         0
                text4                               AEC      AEC      10C         0
                text3                              107C     107C       74         0
                text2                              14C2     14C2       12         0
                text1                              1232     1232       56         0
                text0                               3AC      3AC      1B8         0
                cinit                              13CC     13CC       26         0

        CLASS   CONST          

        CLASS   SMALLCONST     

        CLASS   MEDIUMCONST    

        CLASS   COMRAM         
                temp                                 5F       5F        1         1
                cstackCOMRAM                          1        1       3F         1
                bssCOMRAM                            40       40       1F         1

        CLASS   ABS1           

        CLASS   BIGRAM         

        CLASS   RAM            

        CLASS   BANK0          
                bssBANK0                             60       60       12         1

        CLASS   BANK1          

        CLASS   BANK2          

        CLASS   BANK3          

        CLASS   BANK4          

        CLASS   BANK5          

        CLASS   BANK6          

        CLASS   BANK7          

        CLASS   SFR            

        CLASS   FARRAM         

        CLASS   CONFIG         
                config                           300000   300000        E         0

        CLASS   IDLOC          
                idloc                            200000   200000        8         0

        CLASS   EEDATA         



SEGMENTS        Name                           Load    Length   Top    Selector   Space  Class

                reset_vec                      000000  000004  000004         0       0  CODE    
                cstackCOMRAM                   000001  00005F  000060         1       1  COMRAM  
                intcode                        000008  0014D4  0014DC         4       0  CODE    
                bssBANK0                       000060  000012  000072        60       1  BANK0   
                idloc                          200000  000008  200008    200000       0  IDLOC   
                config                         300000  00000E  30000E    300000       0  CONFIG  


UNUSED ADDRESS RANGES

        Name                Unused          Largest block    Delta
        BANK0            000072-0000FF               8E
        BANK1            000100-0001FF              100
        BANK2            000200-0002FF              100
        BANK3            000300-0003FF              100
        BANK4            000400-0004FF              100
        BANK5            000500-0005FF              100
        BANK6            000600-0006FF              100
        BANK7            000700-0007FF              100
        BIGRAM           000072-0007FF              78E
        CODE             000004-000007                4
                         0014DC-007FFF             6B24
        CONST            000004-000007                4
                         0014DC-007FFF             6B24
        EEDATA           F00000-F000FF              100
        MEDIUMCONST      0014DC-007FFF             6B24
        RAM              000072-0007FF              100
        SFR              000F60-000FFF               A0
        SMALLCONST       0014DC-007FFF              100
        STACK            000072-0007FF              78E

                                  Symbol Table

?_Motor_Calcular_PasosX                  cstackCOMRAM 000002
?_Motor_Calcular_PasosY                  cstackCOMRAM 000002
?_Motor_Conversion                       cstackCOMRAM 000032
?_PWM_OneshotX                           cstackCOMRAM 000001
?_PWM_OneshotY                           cstackCOMRAM 000001
?___aldiv                                cstackCOMRAM 000001
?___fldiv                                cstackCOMRAM 00000F
?___fltol                                cstackCOMRAM 000028
?___wmul                                 cstackCOMRAM 000001
?___xxtofl                               cstackCOMRAM 000001
?_atoi                                   cstackCOMRAM 000008
?_isdigit                                cstackCOMRAM 000001
?_isspace                                cstackCOMRAM 000001
EEPROM_Rx@direccion                      cstackCOMRAM 000001
EEPROM_Tx@dato                           cstackCOMRAM 000001
EEPROM_Tx@direccion                      cstackCOMRAM 000002
Motor_Calcular_PasosX@coordenada_converX cstackCOMRAM 000002
Motor_Calcular_PasosY@coordenada_converY cstackCOMRAM 000002
Motor_Conversion@Coordenada              cstackCOMRAM 000032
Motor_Conversion@conversion              cstackCOMRAM 000034
Motor_Movimiento@CoordenadaX             cstackCOMRAM 000038
Motor_Movimiento@CoordenadaY             cstackCOMRAM 00003A
Motor_Movimiento@Oupcode                 cstackCOMRAM 00003C
PWM_GeneratePulsos@Oupcode               cstackCOMRAM 000008
PWM_GeneratePulsos@countX                cstackCOMRAM 000009
PWM_GeneratePulsos@countY                cstackCOMRAM 00000B
PWM_GeneratePulsos@pulsosX               cstackCOMRAM 000003
PWM_GeneratePulsos@pulsosY               cstackCOMRAM 000005
PWM_OneshotX@countX                      cstackCOMRAM 000001
PWM_OneshotY@countY                      cstackCOMRAM 000001
Seria_Decodificacion_Memoria@direccion   cstackCOMRAM 000003
Serial_DecodificacionX@coordenadaX       cstackCOMRAM 00001B
Serial_DecodificacionX@i                 cstackCOMRAM 00001E
Serial_DecodificacionX@pointerCX         cstackCOMRAM 000019
Serial_DecodificacionX@string_coordenada cstackCOMRAM 000017
Serial_DecodificacionY@coordenadaY       cstackCOMRAM 00001D
Serial_DecodificacionY@i                 cstackCOMRAM 000020
Serial_DecodificacionY@pointerCY         cstackCOMRAM 000019
Serial_DecodificacionY@string_coordenada cstackCOMRAM 000017
Serial_Escritura_Memoria@direccion       cstackCOMRAM 000007
Serial_Escritura_Memoria@direccionFinal  cstackCOMRAM 000008
Serial_Escritura_Memoria@i               cstackCOMRAM 000009
Serial_Escritura_Memoria@i_1034          cstackCOMRAM 00000B
Serial_Escritura_Memoria@i_1035          cstackCOMRAM 00000D
Serial_Escritura_Memoria@string_setpoint cstackCOMRAM 000003
Serial_Lectura_Memoria@coordenadaX       cstackCOMRAM 00001D
Serial_Lectura_Memoria@coordenadaY       cstackCOMRAM 000020
Serial_Lectura_Memoria@coordenadaZ       cstackCOMRAM 000023
Serial_Lectura_Memoria@direccion         cstackCOMRAM 000029
Serial_Lectura_Memoria@direccionX        cstackCOMRAM 000026
Serial_Lectura_Memoria@direccionY        cstackCOMRAM 000027
Serial_Lectura_Memoria@direccionZ        cstackCOMRAM 000028
Serial_Lectura_Memoria@i                 cstackCOMRAM 00002A
Serial_Lectura_Memoria@i_1027            cstackCOMRAM 00002B
Serial_Lectura_Memoria@i_1028            cstackCOMRAM 00002C
Serial_Lectura_Memoria@pointerCX         cstackCOMRAM 000017
Serial_Lectura_Memoria@pointerCY         cstackCOMRAM 000019
Serial_Lectura_Memoria@pointerCZ         cstackCOMRAM 00001B
USART_Init@BAUD                          cstackCOMRAM 00000F
USART_RxS@i                              cstackCOMRAM 000007
USART_RxS@lenght                         cstackCOMRAM 000006
USART_RxS@pointer                        cstackCOMRAM 000001
USART_Tx@data                            cstackCOMRAM 000001
_ADCON0                                  (abs)        000FC2
_ADCON0bits                              (abs)        000FC2
_ADCON1                                  (abs)        000FC1
_ADCON1bits                              (abs)        000FC1
_ADCON2bits                              (abs)        000FC0
_Actuator_Hold                           text31       0014D8
_Actuator_Retrain                        text30       0014D4
_Actuator_Touch                          text29       00147A
_CCP1CON                                 (abs)        000FBD
_CCP2CON                                 (abs)        000FBA
_CCPR1L                                  (abs)        000FBE
_CCPR2L                                  (abs)        000FBB
_CX                                      bssCOMRAM    00005D
_CY                                      bssCOMRAM    00005B
_CZ                                      bssCOMRAM    000059
_CoordenadaXX                            bssCOMRAM    000044
_CoordenadaYY                            bssCOMRAM    000042
_Direccion_Memoria                       bssCOMRAM    000056
_EEADR                                   (abs)        000FA9
_EECON1bits                              (abs)        000FA6
_EECON2                                  (abs)        000FA7
_EEDATA                                  (abs)        000FA8
_EEPROM_Rx                               text6        0014AE
_EEPROM_Tx                               text8        001312
_INTCON2bits                             (abs)        000FF1
_INTCON3bits                             (abs)        000FF0
_INTCONbits                              (abs)        000FF2
_INT_isr                                 intcode      000008
_LATB                                    (abs)        000F8A
_LATC                                    (abs)        000F8B
_LATCbits                                (abs)        000F8B
_LATD                                    (abs)        000F8C
_LATDbits                                (abs)        000F8C
_Motor_Calcular_PasosX                   text27       000F6C
_Motor_Calcular_PasosY                   text26       000ED6
_Motor_Conversion                        text22       0010F0
_Motor_Movimiento                        text16       001002
_OSCCON                                  (abs)        000FD3
_Oneshot                                 text33       0013A4
_PIR1bits                                (abs)        000F9E
_PIR2bits                                (abs)        000FA1
_PORTB                                   (abs)        000F81
_PORTBbits                               (abs)        000F81
_PORTC                                   (abs)        000F82
_PORTCbits                               (abs)        000F82
_PORTD                                   (abs)        000F83
_PORTDbits                               (abs)        000F83
_PR2                                     (abs)        000FCB
_PWM_GeneratePulsos                      text17       0008A2
_PWM_InitF                               text21       00143C
_PWM_InitS                               text20       00145C
_PWM_OneshotX                            text19       001374
_PWM_OneshotY                            text18       001344
_RCIF                                    (abs)        007CF5
_RCONbits                                (abs)        000FD0
_RCREG                                   (abs)        000FAE
_RCSTAbits                               (abs)        000FAB
_SPBRG                                   (abs)        000FAF
_Seria_Decodificacion_Memoria            text15       0009C8
_Serial_DecodificacionX                  text10       0011D0
_Serial_DecodificacionY                  text9        001162
_Serial_Escritura_Memoria                text7        000DEA
_Serial_Lectura_Memoria                  text5        000CFE
_T2CON                                   (abs)        000FCA
_T2CONbits                               (abs)        000FCA
_TRISAbits                               (abs)        000F92
_TRISBbits                               (abs)        000F93
_TRISCbits                               (abs)        000F94
_TRISD                                   (abs)        000F95
_TRISDbits                               (abs)        000F95
_TXREG                                   (abs)        000FAD
_TXSTAbits                               (abs)        000FAC
_USART_Init                              text3        00107C
_USART_Init$2428                         cstackCOMRAM 000013
_USART_Rx                                text2        0014C2
_USART_RxS                               text1        001232
_USART_Tx                                text28       001498
__CFG_BOR$ON                             (abs)        000000
__CFG_BORV$3                             (abs)        000000
__CFG_CCP2MX$ON                          (abs)        000000
__CFG_CP0$OFF                            (abs)        000000
__CFG_CP1$OFF                            (abs)        000000
__CFG_CP2$OFF                            (abs)        000000
__CFG_CP3$OFF                            (abs)        000000
__CFG_CPB$OFF                            (abs)        000000
__CFG_CPD$OFF                            (abs)        000000
__CFG_CPUDIV$OSC1_PLL2                   (abs)        000000
__CFG_EBTR0$OFF                          (abs)        000000
__CFG_EBTR1$OFF                          (abs)        000000
__CFG_EBTR2$OFF                          (abs)        000000
__CFG_EBTR3$OFF                          (abs)        000000
__CFG_EBTRB$OFF                          (abs)        000000
__CFG_FCMEN$OFF                          (abs)        000000
__CFG_FOSC$INTOSCIO_EC                   (abs)        000000
__CFG_ICPRT$OFF                          (abs)        000000
__CFG_IESO$OFF                           (abs)        000000
__CFG_LPT1OSC$OFF                        (abs)        000000
__CFG_LVP$OFF                            (abs)        000000
__CFG_MCLRE$ON                           (abs)        000000
__CFG_PBADEN$OFF                         (abs)        000000
__CFG_PLLDIV$1                           (abs)        000000
__CFG_PWRT$OFF                           (abs)        000000
__CFG_STVREN$ON                          (abs)        000000
__CFG_USBDIV$1                           (abs)        000000
__CFG_VREGEN$OFF                         (abs)        000000
__CFG_WDT$OFF                            (abs)        000000
__CFG_WDTPS$32768                        (abs)        000000
__CFG_WRT0$OFF                           (abs)        000000
__CFG_WRT1$OFF                           (abs)        000000
__CFG_WRT2$OFF                           (abs)        000000
__CFG_WRT3$OFF                           (abs)        000000
__CFG_WRTB$OFF                           (abs)        000000
__CFG_WRTC$OFF                           (abs)        000000
__CFG_WRTD$OFF                           (abs)        000000
__CFG_XINST$OFF                          (abs)        000000
__HRAM                                   (abs)        000000
__Habs1                                  abs1         000000
__Hbank0                                 bank0        000000
__Hbank1                                 bank1        000000
__Hbank2                                 bank2        000000
__Hbank3                                 bank3        000000
__Hbank4                                 bank4        000000
__Hbank5                                 bank5        000000
__Hbank6                                 bank6        000000
__Hbank7                                 bank7        000000
__Hbigbss                                bigbss       000000
__Hbigdata                               bigdata      000000
__Hbigram                                bigram       000000
__Hbss                                   bss          000000
__HbssBANK0                              bssBANK0     000000
__HbssCOMRAM                             bssCOMRAM    000000
__Hcinit                                 cinit        000000
__Hclrtext                               clrtext      000000
__Hcomram                                comram       000000
__Hconfig                                config       30000E
__Hconst                                 const        000000
__HcstackCOMRAM                          cstackCOMRAM 000000
__Hdata                                  data         000000
__Heeprom_data                           eeprom_data  000000
__Hfarbss                                farbss       000000
__Hfardata                               fardata      000000
__Hibigdata                              ibigdata     000000
__Hidata                                 idata        000000
__Hidloc                                 idloc        200008
__Hifardata                              ifardata     000000
__Hinit                                  init         000012
__Hintcode                               intcode      00000E
__Hintcode_body                          intcode_body 000000
__Hintcodelo                             intcodelo    00000E
__Hintentry                              intentry     000000
__Hintret                                intret       000000
__Hintsave_regs                          intsave_regs 000000
__Hirdata                                irdata       000000
__Hmediumconst                           mediumconst  000000
__HnvFARRAM                              nvFARRAM     000000
__Hnvbit                                 nvbit        000000
__Hnvrram                                nvrram       000000
__Hparam                                 rparam       000000
__Hpowerup                               powerup      00000E
__Hram                                   ram          000000
__Hramtop                                ramtop       000800
__Hrbit                                  rbit         000000
__Hrbss                                  rbss         000000
__Hrdata                                 rdata        000000
__Hreset_vec                             reset_vec    000004
__Hrparam                                rparam       000000
__Hsfr                                   sfr          000000
__Hsmallconst                            smallconst   000000
__Hspace_0                               (abs)        30000E
__Hspace_1                               (abs)        000072
__Hspace_2                               (abs)        000000
__Hstack                                 stack        000000
__Hstruct                                struct       000000
__Htemp                                  temp         000060
__Htext                                  text         000000
__Htext0                                 text0        000000
__Htext1                                 text1        000000
__Htext10                                text10       000000
__Htext11                                text11       000000
__Htext12                                text12       000000
__Htext13                                text13       000000
__Htext14                                text14       000000
__Htext15                                text15       000000
__Htext16                                text16       000000
__Htext17                                text17       000000
__Htext18                                text18       000000
__Htext19                                text19       000000
__Htext2                                 text2        000000
__Htext20                                text20       000000
__Htext21                                text21       000000
__Htext22                                text22       000000
__Htext23                                text23       000000
__Htext24                                text24       000000
__Htext25                                text25       000000
__Htext26                                text26       000000
__Htext27                                text27       000000
__Htext28                                text28       000000
__Htext29                                text29       000000
__Htext3                                 text3        000000
__Htext30                                text30       000000
__Htext31                                text31       000000
__Htext33                                text33       000000
__Htext4                                 text4        000000
__Htext5                                 text5        000000
__Htext6                                 text6        000000
__Htext7                                 text7        000000
__Htext8                                 text8        000000
__Htext9                                 text9        000000
__LRAM                                   (abs)        000001
__Labs1                                  abs1         000000
__Lbank0                                 bank0        000000
__Lbank1                                 bank1        000000
__Lbank2                                 bank2        000000
__Lbank3                                 bank3        000000
__Lbank4                                 bank4        000000
__Lbank5                                 bank5        000000
__Lbank6                                 bank6        000000
__Lbank7                                 bank7        000000
__Lbigbss                                bigbss       000000
__Lbigdata                               bigdata      000000
__Lbigram                                bigram       000000
__Lbss                                   bss          000000
__LbssBANK0                              bssBANK0     000000
__LbssCOMRAM                             bssCOMRAM    000000
__Lcinit                                 cinit        000000
__Lclrtext                               clrtext      000000
__Lcomram                                comram       000000
__Lconfig                                config       300000
__Lconst                                 const        000000
__LcstackCOMRAM                          cstackCOMRAM 000000
__Ldata                                  data         000000
__Leeprom_data                           eeprom_data  000000
__Lfarbss                                farbss       000000
__Lfardata                               fardata      000000
__Libigdata                              ibigdata     000000
__Lidata                                 idata        000000
__Lidloc                                 idloc        200000
__Lifardata                              ifardata     000000
__Linit                                  init         00000E
__Lintcode                               intcode      000008
__Lintcode_body                          intcode_body 000000
__Lintcodelo                             intcodelo    00000E
__Lintentry                              intentry     000000
__Lintret                                intret       000000
__Lintsave_regs                          intsave_regs 000000
__Lirdata                                irdata       000000
__Lmediumconst                           mediumconst  000000
__LnvFARRAM                              nvFARRAM     000000
__Lnvbit                                 nvbit        000000
__Lnvrram                                nvrram       000000
__Lparam                                 rparam       000000
__Lpowerup                               powerup      00000E
__Lram                                   ram          000000
__Lramtop                                ramtop       000800
__Lrbit                                  rbit         000000
__Lrbss                                  rbss         000000
__Lrdata                                 rdata        000000
__Lreset_vec                             reset_vec    000000
__Lrparam                                rparam       000000
__Lsfr                                   sfr          000000
__Lsmallconst                            smallconst   000000
__Lspace_0                               (abs)        000000
__Lspace_1                               (abs)        000000
__Lspace_2                               (abs)        000000
__Lstack                                 stack        000000
__Lstruct                                struct       000000
__Ltemp                                  temp         00005F
__Ltext                                  text         000000
__Ltext0                                 text0        000000
__Ltext1                                 text1        000000
__Ltext10                                text10       000000
__Ltext11                                text11       000000
__Ltext12                                text12       000000
__Ltext13                                text13       000000
__Ltext14                                text14       000000
__Ltext15                                text15       000000
__Ltext16                                text16       000000
__Ltext17                                text17       000000
__Ltext18                                text18       000000
__Ltext19                                text19       000000
__Ltext2                                 text2        000000
__Ltext20                                text20       000000
__Ltext21                                text21       000000
__Ltext22                                text22       000000
__Ltext23                                text23       000000
__Ltext24                                text24       000000
__Ltext25                                text25       000000
__Ltext26                                text26       000000
__Ltext27                                text27       000000
__Ltext28                                text28       000000
__Ltext29                                text29       000000
__Ltext3                                 text3        000000
__Ltext30                                text30       000000
__Ltext31                                text31       000000
__Ltext33                                text33       000000
__Ltext4                                 text4        000000
__Ltext5                                 text5        000000
__Ltext6                                 text6        000000
__Ltext7                                 text7        000000
__Ltext8                                 text8        000000
__Ltext9                                 text9        000000
__S0                                     (abs)        30000E
__S1                                     (abs)        000072
__S2                                     (abs)        000000
___aldiv                                 text4        000AEC
___aldiv@counter                         cstackCOMRAM 000009
___aldiv@dividend                        cstackCOMRAM 000001
___aldiv@divisor                         cstackCOMRAM 000005
___aldiv@quotient                        cstackCOMRAM 00000B
___aldiv@sign                            cstackCOMRAM 00000A
___fldiv                                 text25       000012
___fldiv@a                               cstackCOMRAM 000013
___fldiv@aexp                            cstackCOMRAM 000027
___fldiv@b                               cstackCOMRAM 00000F
___fldiv@bexp                            cstackCOMRAM 000026
___fldiv@grs                             cstackCOMRAM 000022
___fldiv@new_exp                         cstackCOMRAM 000020
___fldiv@rem                             cstackCOMRAM 00001B
___fldiv@sign                            cstackCOMRAM 00001F
___fltol                                 text24       000BF8
___fltol@exp1                            cstackCOMRAM 000031
___fltol@f1                              cstackCOMRAM 000028
___fltol@sign1                           cstackCOMRAM 000030
___inthi_sp                              stack        000000
___intlo_sp                              stack        000000
___param_bank                            (abs)        000000
___rparam_used                           (abs)        000001
___sp                                    stack        000000
___wmul                                  text14       0013F2
___wmul@multiplicand                     cstackCOMRAM 000003
___wmul@multiplier                       cstackCOMRAM 000001
___wmul@product                          cstackCOMRAM 000005
___xxtofl                                text23       000564
___xxtofl@arg                            cstackCOMRAM 00000B
___xxtofl@exp                            cstackCOMRAM 00000A
___xxtofl@sign                           cstackCOMRAM 000009
___xxtofl@val                            cstackCOMRAM 000001
__accesstop                              (abs)        000060
__activetblptr                           (abs)        000002
__end_of_Actuator_Hold                   text31       0014DC
__end_of_Actuator_Retrain                text30       0014D8
__end_of_Actuator_Touch                  text29       001498
__end_of_EEPROM_Rx                       text6        0014C2
__end_of_EEPROM_Tx                       text8        001344
__end_of_INT_isr                         intcode_body 00143C
__end_of_Motor_Calcular_PasosX           text27       001002
__end_of_Motor_Calcular_PasosY           text26       000F6C
__end_of_Motor_Conversion                text22       001162
__end_of_Motor_Movimiento                text16       00107C
__end_of_Oneshot                         text33       0013CC
__end_of_PWM_GeneratePulsos              text17       0009C8
__end_of_PWM_InitF                       text21       00145C
__end_of_PWM_InitS                       text20       00147A
__end_of_PWM_OneshotX                    text19       0013A4
__end_of_PWM_OneshotY                    text18       001374
__end_of_Seria_Decodificacion_Memoria    text15       000AEC
__end_of_Serial_DecodificacionX          text10       001232
__end_of_Serial_DecodificacionY          text9        0011D0
__end_of_Serial_Escritura_Memoria        text7        000ED6
__end_of_Serial_Lectura_Memoria          text5        000DEA
__end_of_USART_Init                      text3        0010F0
__end_of_USART_Rx                        text2        0014D4
__end_of_USART_RxS                       text1        001288
__end_of_USART_Tx                        text28       0014AE
__end_of___aldiv                         text4        000BF8
__end_of___fldiv                         text25       0003AC
__end_of___fltol                         text24       000CFE
__end_of___wmul                          text14       001418
__end_of___xxtofl                        text23       000718
__end_of__initialization                 cinit        0013E4
__end_of_atoi                            text11       0008A2
__end_of_isdigit                         text13       001312
__end_of_isspace                         text12       0012DA
__end_of_main                            text0        000564
__initialization                         cinit        0013CC
__mediumconst                            mediumconst  000000
__pbssBANK0                              bssBANK0     000060
__pbssCOMRAM                             bssCOMRAM    000040
__pcinit                                 cinit        0013CC
__pcstackCOMRAM                          cstackCOMRAM 000001
__pintcode                               intcode      000008
__pintcode_body                          intcode_body 001418
__ptext0                                 text0        0003AC
__ptext1                                 text1        001232
__ptext10                                text10       0011D0
__ptext11                                text11       000718
__ptext12                                text12       001288
__ptext13                                text13       0012DA
__ptext14                                text14       0013F2
__ptext15                                text15       0009C8
__ptext16                                text16       001002
__ptext17                                text17       0008A2
__ptext18                                text18       001344
__ptext19                                text19       001374
__ptext2                                 text2        0014C2
__ptext20                                text20       00145C
__ptext21                                text21       00143C
__ptext22                                text22       0010F0
__ptext23                                text23       000564
__ptext24                                text24       000BF8
__ptext25                                text25       000012
__ptext26                                text26       000ED6
__ptext27                                text27       000F6C
__ptext28                                text28       001498
__ptext29                                text29       00147A
__ptext3                                 text3        00107C
__ptext30                                text30       0014D4
__ptext31                                text31       0014D8
__ptext33                                text33       0013A4
__ptext4                                 text4        000AEC
__ptext5                                 text5        000CFE
__ptext6                                 text6        0014AE
__ptext7                                 text7        000DEA
__ptext8                                 text8        001312
__ptext9                                 text9        001162
__ramtop                                 ramtop       000800
__size_of_Actuator_Hold                  (abs)        000000
__size_of_Actuator_Retrain               (abs)        000000
__size_of_Actuator_Touch                 (abs)        000000
__size_of_EEPROM_Rx                      (abs)        000000
__size_of_EEPROM_Tx                      (abs)        000000
__size_of_INT_isr                        (abs)        000000
__size_of_Motor_Calcular_PasosX          (abs)        000000
__size_of_Motor_Calcular_PasosY          (abs)        000000
__size_of_Motor_Conversion               (abs)        000000
__size_of_Motor_Movimiento               (abs)        000000
__size_of_Oneshot                        (abs)        000000
__size_of_PWM_GeneratePulsos             (abs)        000000
__size_of_PWM_InitF                      (abs)        000000
__size_of_PWM_InitS                      (abs)        000000
__size_of_PWM_OneshotX                   (abs)        000000
__size_of_PWM_OneshotY                   (abs)        000000
__size_of_Seria_Decodificacion_Memoria   (abs)        000000
__size_of_Serial_DecodificacionX         (abs)        000000
__size_of_Serial_DecodificacionY         (abs)        000000
__size_of_Serial_Escritura_Memoria       (abs)        000000
__size_of_Serial_Lectura_Memoria         (abs)        000000
__size_of_USART_Init                     (abs)        000000
__size_of_USART_Rx                       (abs)        000000
__size_of_USART_RxS                      (abs)        000000
__size_of_USART_Tx                       (abs)        000000
__size_of___aldiv                        (abs)        000000
__size_of___fldiv                        (abs)        000000
__size_of___fltol                        (abs)        000000
__size_of___wmul                         (abs)        000000
__size_of___xxtofl                       (abs)        000000
__size_of_atoi                           (abs)        000000
__size_of_isdigit                        (abs)        000000
__size_of_isspace                        (abs)        000000
__size_of_main                           (abs)        000000
__smallconst                             smallconst   000000
_atoi                                    text11       000718
_atoi$2174                               cstackCOMRAM 000010
_atoi$2175                               cstackCOMRAM 000014
_atoi$2176                               cstackCOMRAM 000012
_cont                                    bssCOMRAM    000040
_coordenaX                               bssCOMRAM    000048
_coordenaY                               bssCOMRAM    000046
_coordenada_anteriorX                    bssCOMRAM    000052
_coordenada_anteriorY                    bssCOMRAM    000050
_coordenada_array                        bssBANK0     00006B
_coordenada_setpoint                     bssBANK0     000060
_data                                    bssCOMRAM    000055
_isdigit                                 text13       0012DA
_isspace                                 text12       001288
_isspace$2192                            cstackCOMRAM 000007
_main                                    text0        0003AC
_oneshot                                 bssCOMRAM    000054
_oneshotX                                bssCOMRAM    000058
_oneshotY                                bssCOMRAM    000057
_pasosX                                  bssCOMRAM    00004C
_pasosY                                  bssCOMRAM    00004A
_pasos_convertidos                       bssCOMRAM    00004E
atoi@n                                   cstackCOMRAM 000015
atoi@neg                                 cstackCOMRAM 00000E
atoi@s                                   cstackCOMRAM 000008
btemp                                    temp         00005F
end_of_initialization                    cinit        0013E4
int$flags                                temp         00005F
int_func                                 intcode_body 001418
intlevel0                                text         000000
intlevel1                                text         000000
intlevel2                                text         000000
intlevel3                                text         000000
isdigit@c                                cstackCOMRAM 000001
isspace@c                                cstackCOMRAM 000001
main@Oupcode                             cstackCOMRAM 00003F
stackhi                                  (abs)        0007FF
stacklo                                  (abs)        000072
start                                    init         00000E
start_initialization                     cinit        0013CC
ttemp5                                   temp         000060
ttemp6                                   temp         000063
ttemp7                                   temp         000067
wtemp8                                   temp         000060


FUNCTION INFORMATION:

 *************** function _main *****************
 Defined at:
		line 21 in file "serial.c"
 Parameters:    Size  Location     Type
		None
 Auto vars:     Size  Location     Type
  Oupcode         1   62[COMRAM] unsigned char 
 Return value:  Size  Location     Type
                  1    wreg      void 
 Registers used:
		wreg, fsr1l, fsr1h, fsr2l, fsr2h, status,2, status,0, prodl, prodh, cstack
 Tracked objects:
		On entry : 
		On exit  : 
		Unchanged: 
 Data sizes:     COMRAM   BANK0   BANK1   BANK2   BANK3   BANK4   BANK5   BANK6   BANK7
      Params:         0       0       0       0       0       0       0       0       0
      Locals:         1       0       0       0       0       0       0       0       0
      Temps:          2       0       0       0       0       0       0       0       0
      Totals:         3       0       0       0       0       0       0       0       0
Total ram usage:        3 bytes
 Hardware stack levels required when called:    5
 This function calls:
		_Actuator_Hold
		_Actuator_Retrain
		_Actuator_Touch
		_Motor_Movimiento
		_Seria_Decodificacion_Memoria
		_Serial_DecodificacionX
		_Serial_DecodificacionY
		_Serial_Escritura_Memoria
		_Serial_Lectura_Memoria
		_USART_Init
		_USART_Rx
		_USART_RxS
		_USART_Tx
 This function is called by:
		Startup code after reset
 This function uses a non-reentrant model


 *************** function _USART_RxS *****************
 Defined at:
		line 48 in file "UART.c"
 Parameters:    Size  Location     Type
  lenght          1    wreg     unsigned char 
  pointer         2    0[COMRAM] PTR unsigned char 
		 -> coordenada_setpoint(11), coordenada_array(7), 
 Auto vars:     Size  Location     Type
  lenght          1    5[COMRAM] unsigned char 
  i               2    6[COMRAM] int 
 Return value:  Size  Location     Type
                  1    wreg      void 
 Registers used:
		wreg, fsr2l, fsr2h, status,2, status,0
 Tracked objects:
		On entry : 
		On exit  : 
		Unchanged: 
 Data sizes:     COMRAM   BANK0   BANK1   BANK2   BANK3   BANK4   BANK5   BANK6   BANK7
      Params:         2       0       0       0       0       0       0       0       0
      Locals:         3       0       0       0       0       0       0       0       0
      Temps:          3       0       0       0       0       0       0       0       0
      Totals:         8       0       0       0       0       0       0       0       0
Total ram usage:        8 bytes
 Hardware stack levels used:    1
 Hardware stack levels required when called:    2
 This function calls:
		Nothing
 This function is called by:
		_main
 This function uses a non-reentrant model


 *************** function _USART_Rx *****************
 Defined at:
		line 30 in file "UART.c"
 Parameters:    Size  Location     Type
		None
 Auto vars:     Size  Location     Type
		None
 Return value:  Size  Location     Type
                  1    wreg      unsigned char 
 Registers used:
		wreg, status,2
 Tracked objects:
		On entry : 
		On exit  : 
		Unchanged: 
 Data sizes:     COMRAM   BANK0   BANK1   BANK2   BANK3   BANK4   BANK5   BANK6   BANK7
      Params:         0       0       0       0       0       0       0       0       0
      Locals:         0       0       0       0       0       0       0       0       0
      Temps:          0       0       0       0       0       0       0       0       0
      Totals:         0       0       0       0       0       0       0       0       0
Total ram usage:        0 bytes
 Hardware stack levels used:    1
 Hardware stack levels required when called:    2
 This function calls:
		Nothing
 This function is called by:
		_main
 This function uses a non-reentrant model


 *************** function _USART_Init *****************
 Defined at:
		line 6 in file "UART.c"
 Parameters:    Size  Location     Type
  BAUD            4   14[COMRAM] long 
 Auto vars:     Size  Location     Type
		None
 Return value:  Size  Location     Type
                  1    wreg      void 
 Registers used:
		wreg, status,2, status,0, cstack
 Tracked objects:
		On entry : 
		On exit  : 
		Unchanged: 
 Data sizes:     COMRAM   BANK0   BANK1   BANK2   BANK3   BANK4   BANK5   BANK6   BANK7
      Params:         4       0       0       0       0       0       0       0       0
      Locals:         4       0       0       0       0       0       0       0       0
      Temps:          0       0       0       0       0       0       0       0       0
      Totals:         8       0       0       0       0       0       0       0       0
Total ram usage:        8 bytes
 Hardware stack levels used:    1
 Hardware stack levels required when called:    3
 This function calls:
		___aldiv
 This function is called by:
		_main
 This function uses a non-reentrant model


 *************** function ___aldiv *****************
 Defined at:
		line 7 in file "C:\Program Files (x86)\Microchip\xc8\v2.10\pic\sources\c99\common\aldiv.c"
 Parameters:    Size  Location     Type
  dividend        4    0[COMRAM] long 
  divisor         4    4[COMRAM] long 
 Auto vars:     Size  Location     Type
  quotient        4   10[COMRAM] long 
  sign            1    9[COMRAM] unsigned char 
  counter         1    8[COMRAM] unsigned char 
 Return value:  Size  Location     Type
                  4    0[COMRAM] long 
 Registers used:
		wreg, status,2, status,0
 Tracked objects:
		On entry : 
		On exit  : 
		Unchanged: 
 Data sizes:     COMRAM   BANK0   BANK1   BANK2   BANK3   BANK4   BANK5   BANK6   BANK7
      Params:         8       0       0       0       0       0       0       0       0
      Locals:         6       0       0       0       0       0       0       0       0
      Temps:          0       0       0       0       0       0       0       0       0
      Totals:        14       0       0       0       0       0       0       0       0
Total ram usage:       14 bytes
 Hardware stack levels used:    1
 Hardware stack levels required when called:    2
 This function calls:
		Nothing
 This function is called by:
		_USART_Init
 This function uses a non-reentrant model


 *************** function _Serial_Lectura_Memoria *****************
 Defined at:
		line 155 in file "serial.c"
 Parameters:    Size  Location     Type
  direccion       1    wreg     unsigned char 
  pointerCX       2   22[COMRAM] PTR int 
		 -> CX(2), 
  pointerCY       2   24[COMRAM] PTR int 
		 -> CY(2), 
  pointerCZ       2   26[COMRAM] PTR int 
		 -> CZ(2), 
 Auto vars:     Size  Location     Type
  direccion       1   40[COMRAM] unsigned char 
  i               1   43[COMRAM] unsigned char 
  i               1   42[COMRAM] unsigned char 
  i               1   41[COMRAM] unsigned char 
  coordenadaZ     3   34[COMRAM] unsigned char [3]
  coordenadaY     3   31[COMRAM] unsigned char [3]
  coordenadaX     3   28[COMRAM] unsigned char [3]
  direccionZ      1   39[COMRAM] unsigned char 
  direccionY      1   38[COMRAM] unsigned char 
  direccionX      1   37[COMRAM] unsigned char 
 Return value:  Size  Location     Type
                  1    wreg      void 
 Registers used:
		wreg, fsr2l, fsr2h, status,2, status,0, prodl, prodh, cstack
 Tracked objects:
		On entry : 
		On exit  : 
		Unchanged: 
 Data sizes:     COMRAM   BANK0   BANK1   BANK2   BANK3   BANK4   BANK5   BANK6   BANK7
      Params:         6       0       0       0       0       0       0       0       0
      Locals:        16       0       0       0       0       0       0       0       0
      Temps:          0       0       0       0       0       0       0       0       0
      Totals:        22       0       0       0       0       0       0       0       0
Total ram usage:       22 bytes
 Hardware stack levels used:    1
 Hardware stack levels required when called:    4
 This function calls:
		_EEPROM_Rx
		_atoi
 This function is called by:
		_main
 This function uses a non-reentrant model


 *************** function _EEPROM_Rx *****************
 Defined at:
		line 16 in file "EEPROM.c"
 Parameters:    Size  Location     Type
  direccion       1    wreg     unsigned char 
 Auto vars:     Size  Location     Type
  direccion       1    0[COMRAM] unsigned char 
 Return value:  Size  Location     Type
                  1    wreg      unsigned char 
 Registers used:
		wreg, status,2
 Tracked objects:
		On entry : 
		On exit  : 
		Unchanged: 
 Data sizes:     COMRAM   BANK0   BANK1   BANK2   BANK3   BANK4   BANK5   BANK6   BANK7
      Params:         0       0       0       0       0       0       0       0       0
      Locals:         1       0       0       0       0       0       0       0       0
      Temps:          0       0       0       0       0       0       0       0       0
      Totals:         1       0       0       0       0       0       0       0       0
Total ram usage:        1 bytes
 Hardware stack levels used:    1
 Hardware stack levels required when called:    2
 This function calls:
		Nothing
 This function is called by:
		_Serial_Lectura_Memoria
 This function uses a non-reentrant model


 *************** function _Serial_Escritura_Memoria *****************
 Defined at:
		line 180 in file "serial.c"
 Parameters:    Size  Location     Type
  direccion       1    wreg     unsigned char 
  string_setpo    2    2[COMRAM] PTR unsigned char 
		 -> coordenada_setpoint(11), 
 Auto vars:     Size  Location     Type
  direccion       1    6[COMRAM] unsigned char 
  i               2   12[COMRAM] int 
  i               2   10[COMRAM] int 
  i               2    8[COMRAM] int 
  direccionFin    1    7[COMRAM] unsigned char 
 Return value:  Size  Location     Type
                  1    wreg      void 
 Registers used:
		wreg, fsr2l, fsr2h, status,2, status,0, cstack
 Tracked objects:
		On entry : 
		On exit  : 
		Unchanged: 
 Data sizes:     COMRAM   BANK0   BANK1   BANK2   BANK3   BANK4   BANK5   BANK6   BANK7
      Params:         2       0       0       0       0       0       0       0       0
      Locals:         8       0       0       0       0       0       0       0       0
      Temps:          2       0       0       0       0       0       0       0       0
      Totals:        12       0       0       0       0       0       0       0       0
Total ram usage:       12 bytes
 Hardware stack levels used:    1
 Hardware stack levels required when called:    3
 This function calls:
		_EEPROM_Tx
 This function is called by:
		_main
 This function uses a non-reentrant model


 *************** function _EEPROM_Tx *****************
 Defined at:
		line 24 in file "EEPROM.c"
 Parameters:    Size  Location     Type
  direccion       1    wreg     unsigned char 
  dato            1    0[COMRAM] unsigned char 
 Auto vars:     Size  Location     Type
  direccion       1    1[COMRAM] unsigned char 
 Return value:  Size  Location     Type
                  1    wreg      void 
 Registers used:
		wreg, status,2
 Tracked objects:
		On entry : 
		On exit  : 
		Unchanged: 
 Data sizes:     COMRAM   BANK0   BANK1   BANK2   BANK3   BANK4   BANK5   BANK6   BANK7
      Params:         1       0       0       0       0       0       0       0       0
      Locals:         1       0       0       0       0       0       0       0       0
      Temps:          0       0       0       0       0       0       0       0       0
      Totals:         2       0       0       0       0       0       0       0       0
Total ram usage:        2 bytes
 Hardware stack levels used:    1
 Hardware stack levels required when called:    2
 This function calls:
		Nothing
 This function is called by:
		_Serial_Escritura_Memoria
 This function uses a non-reentrant model


 *************** function _Serial_DecodificacionY *****************
 Defined at:
		line 83 in file "serial.c"
 Parameters:    Size  Location     Type
  string_coord    2   22[COMRAM] PTR unsigned char 
		 -> coordenada_array(7), 
  pointerCY       2   24[COMRAM] PTR int 
		 -> CY(2), 
 Auto vars:     Size  Location     Type
  i               2   31[COMRAM] int 
  coordenadaY     3   28[COMRAM] unsigned char [3]
 Return value:  Size  Location     Type
                  1    wreg      void 
 Registers used:
		wreg, fsr1l, fsr1h, fsr2l, fsr2h, status,2, status,0, prodl, prodh, cstack
 Tracked objects:
		On entry : 
		On exit  : 
		Unchanged: 
 Data sizes:     COMRAM   BANK0   BANK1   BANK2   BANK3   BANK4   BANK5   BANK6   BANK7
      Params:         4       0       0       0       0       0       0       0       0
      Locals:         5       0       0       0       0       0       0       0       0
      Temps:          2       0       0       0       0       0       0       0       0
      Totals:        11       0       0       0       0       0       0       0       0
Total ram usage:       11 bytes
 Hardware stack levels used:    1
 Hardware stack levels required when called:    4
 This function calls:
		_atoi
 This function is called by:
		_main
 This function uses a non-reentrant model


 *************** function _Serial_DecodificacionX *****************
 Defined at:
		line 74 in file "serial.c"
 Parameters:    Size  Location     Type
  string_coord    2   22[COMRAM] PTR unsigned char 
		 -> coordenada_array(7), 
  pointerCX       2   24[COMRAM] PTR int 
		 -> CX(2), 
 Auto vars:     Size  Location     Type
  i               2   29[COMRAM] int 
  coordenadaX     3   26[COMRAM] unsigned char [3]
 Return value:  Size  Location     Type
                  1    wreg      void 
 Registers used:
		wreg, fsr1l, fsr1h, fsr2l, fsr2h, status,2, status,0, prodl, prodh, cstack
 Tracked objects:
		On entry : 
		On exit  : 
		Unchanged: 
 Data sizes:     COMRAM   BANK0   BANK1   BANK2   BANK3   BANK4   BANK5   BANK6   BANK7
      Params:         4       0       0       0       0       0       0       0       0
      Locals:         5       0       0       0       0       0       0       0       0
      Temps:          0       0       0       0       0       0       0       0       0
      Totals:         9       0       0       0       0       0       0       0       0
Total ram usage:        9 bytes
 Hardware stack levels used:    1
 Hardware stack levels required when called:    4
 This function calls:
		_atoi
 This function is called by:
		_main
 This function uses a non-reentrant model


 *************** function _atoi *****************
 Defined at:
		line 4 in file "C:\Program Files (x86)\Microchip\xc8\v2.10\pic\sources\c99\common\atoi.c"
 Parameters:    Size  Location     Type
  s               2    7[COMRAM] PTR const unsigned char 
		 -> Serial_Lectura_Memoria@coordenadaZ(3), Serial_Lectura_Memoria@coordenadaY(3), Serial_Lectura_Memoria@coordenadaX(3), Serial_DecodificacionZ@coordenadaZ(3), 
		 -> Serial_DecodificacionY@coordenadaY(3), Serial_DecodificacionX@coordenadaX(3), 
 Auto vars:     Size  Location     Type
  n               2   20[COMRAM] int 
  neg             2   13[COMRAM] int 
 Return value:  Size  Location     Type
                  2    7[COMRAM] int 
 Registers used:
		wreg, fsr2l, fsr2h, status,2, status,0, prodl, prodh, cstack
 Tracked objects:
		On entry : 
		On exit  : 
		Unchanged: 
 Data sizes:     COMRAM   BANK0   BANK1   BANK2   BANK3   BANK4   BANK5   BANK6   BANK7
      Params:         2       0       0       0       0       0       0       0       0
      Locals:         9       0       0       0       0       0       0       0       0
      Temps:          4       0       0       0       0       0       0       0       0
      Totals:        15       0       0       0       0       0       0       0       0
Total ram usage:       15 bytes
 Hardware stack levels used:    1
 Hardware stack levels required when called:    3
 This function calls:
		___wmul
		_isdigit
		_isspace
 This function is called by:
		_Serial_DecodificacionX
		_Serial_DecodificacionY
		_Serial_Lectura_Memoria
		_Serial_DecodificacionZ
 This function uses a non-reentrant model


 *************** function _isspace *****************
 Defined at:
		line 5 in file "C:\Program Files (x86)\Microchip\xc8\v2.10\pic\sources\c99\common\isspace.c"
 Parameters:    Size  Location     Type
  c               2    0[COMRAM] int 
 Auto vars:     Size  Location     Type
		None
 Return value:  Size  Location     Type
                  2    0[COMRAM] int 
 Registers used:
		wreg, status,2, status,0
 Tracked objects:
		On entry : 
		On exit  : 
		Unchanged: 
 Data sizes:     COMRAM   BANK0   BANK1   BANK2   BANK3   BANK4   BANK5   BANK6   BANK7
      Params:         2       0       0       0       0       0       0       0       0
      Locals:         1       0       0       0       0       0       0       0       0
      Temps:          4       0       0       0       0       0       0       0       0
      Totals:         7       0       0       0       0       0       0       0       0
Total ram usage:        7 bytes
 Hardware stack levels used:    1
 Hardware stack levels required when called:    2
 This function calls:
		Nothing
 This function is called by:
		_atoi
 This function uses a non-reentrant model


 *************** function _isdigit *****************
 Defined at:
		line 5 in file "C:\Program Files (x86)\Microchip\xc8\v2.10\pic\sources\c99\common\isdigit.c"
 Parameters:    Size  Location     Type
  c               2    0[COMRAM] int 
 Auto vars:     Size  Location     Type
		None
 Return value:  Size  Location     Type
                  2    0[COMRAM] int 
 Registers used:
		wreg, status,2, status,0
 Tracked objects:
		On entry : 
		On exit  : 
		Unchanged: 
 Data sizes:     COMRAM   BANK0   BANK1   BANK2   BANK3   BANK4   BANK5   BANK6   BANK7
      Params:         2       0       0       0       0       0       0       0       0
      Locals:         0       0       0       0       0       0       0       0       0
      Temps:          4       0       0       0       0       0       0       0       0
      Totals:         6       0       0       0       0       0       0       0       0
Total ram usage:        6 bytes
 Hardware stack levels used:    1
 Hardware stack levels required when called:    2
 This function calls:
		Nothing
 This function is called by:
		_atoi
 This function uses a non-reentrant model


 *************** function ___wmul *****************
 Defined at:
		line 15 in file "C:\Program Files (x86)\Microchip\xc8\v2.10\pic\sources\c99\common\Umul16.c"
 Parameters:    Size  Location     Type
  multiplier      2    0[COMRAM] unsigned int 
  multiplicand    2    2[COMRAM] unsigned int 
 Auto vars:     Size  Location     Type
  product         2    4[COMRAM] unsigned int 
 Return value:  Size  Location     Type
                  2    0[COMRAM] unsigned int 
 Registers used:
		wreg, status,2, status,0, prodl, prodh
 Tracked objects:
		On entry : 
		On exit  : 
		Unchanged: 
 Data sizes:     COMRAM   BANK0   BANK1   BANK2   BANK3   BANK4   BANK5   BANK6   BANK7
      Params:         4       0       0       0       0       0       0       0       0
      Locals:         2       0       0       0       0       0       0       0       0
      Temps:          0       0       0       0       0       0       0       0       0
      Totals:         6       0       0       0       0       0       0       0       0
Total ram usage:        6 bytes
 Hardware stack levels used:    1
 Hardware stack levels required when called:    2
 This function calls:
		Nothing
 This function is called by:
		_atoi
 This function uses a non-reentrant model


 *************** function _Seria_Decodificacion_Memoria *****************
 Defined at:
		line 101 in file "serial.c"
 Parameters:    Size  Location     Type
  direccion       1    wreg     unsigned char 
 Auto vars:     Size  Location     Type
  direccion       1    2[COMRAM] unsigned char 
 Return value:  Size  Location     Type
                  1    wreg      unsigned char 
 Registers used:
		wreg, status,2, status,0
 Tracked objects:
		On entry : 
		On exit  : 
		Unchanged: 
 Data sizes:     COMRAM   BANK0   BANK1   BANK2   BANK3   BANK4   BANK5   BANK6   BANK7
      Params:         0       0       0       0       0       0       0       0       0
      Locals:         1       0       0       0       0       0       0       0       0
      Temps:          2       0       0       0       0       0       0       0       0
      Totals:         3       0       0       0       0       0       0       0       0
Total ram usage:        3 bytes
 Hardware stack levels used:    1
 Hardware stack levels required when called:    2
 This function calls:
		Nothing
 This function is called by:
		_main
 This function uses a non-reentrant model


 *************** function _Motor_Movimiento *****************
 Defined at:
		line 24 in file "Motor.c"
 Parameters:    Size  Location     Type
  Oupcode         1    wreg     unsigned char 
  CoordenadaX     2   55[COMRAM] int 
  CoordenadaY     2   57[COMRAM] int 
 Auto vars:     Size  Location     Type
  Oupcode         1   59[COMRAM] unsigned char 
 Return value:  Size  Location     Type
                  1    wreg      void 
 Registers used:
		wreg, status,2, status,0, cstack
 Tracked objects:
		On entry : 
		On exit  : 
		Unchanged: 
 Data sizes:     COMRAM   BANK0   BANK1   BANK2   BANK3   BANK4   BANK5   BANK6   BANK7
      Params:         4       0       0       0       0       0       0       0       0
      Locals:         1       0       0       0       0       0       0       0       0
      Temps:          0       0       0       0       0       0       0       0       0
      Totals:         5       0       0       0       0       0       0       0       0
Total ram usage:        5 bytes
 Hardware stack levels used:    1
 Hardware stack levels required when called:    4
 This function calls:
		_Motor_Calcular_PasosX
		_Motor_Calcular_PasosY
		_Motor_Conversion
		_PWM_GeneratePulsos
 This function is called by:
		_main
 This function uses a non-reentrant model


 *************** function _PWM_GeneratePulsos *****************
 Defined at:
		line 6 in file "PWM.c"
 Parameters:    Size  Location     Type
  Oupcode         1    wreg     unsigned char 
  pulsosX         2    2[COMRAM] int 
  pulsosY         2    4[COMRAM] int 
 Auto vars:     Size  Location     Type
  Oupcode         1    7[COMRAM] unsigned char 
  countY          2   10[COMRAM] int 
  countX          2    8[COMRAM] int 
 Return value:  Size  Location     Type
                  1    wreg      void 
 Registers used:
		wreg, status,2, status,0, cstack
 Tracked objects:
		On entry : 
		On exit  : 
		Unchanged: 
 Data sizes:     COMRAM   BANK0   BANK1   BANK2   BANK3   BANK4   BANK5   BANK6   BANK7
      Params:         4       0       0       0       0       0       0       0       0
      Locals:         5       0       0       0       0       0       0       0       0
      Temps:          1       0       0       0       0       0       0       0       0
      Totals:        10       0       0       0       0       0       0       0       0
Total ram usage:       10 bytes
 Hardware stack levels used:    1
 Hardware stack levels required when called:    3
 This function calls:
		_PWM_InitF
		_PWM_InitS
		_PWM_OneshotX
		_PWM_OneshotY
 This function is called by:
		_Motor_Movimiento
 This function uses a non-reentrant model


 *************** function _PWM_OneshotY *****************
 Defined at:
		line 81 in file "PWM.c"
 Parameters:    Size  Location     Type
  countY          2    0[COMRAM] int 
 Auto vars:     Size  Location     Type
		None
 Return value:  Size  Location     Type
                  2    0[COMRAM] int 
 Registers used:
		wreg, status,2, status,0
 Tracked objects:
		On entry : 
		On exit  : 
		Unchanged: 
 Data sizes:     COMRAM   BANK0   BANK1   BANK2   BANK3   BANK4   BANK5   BANK6   BANK7
      Params:         2       0       0       0       0       0       0       0       0
      Locals:         0       0       0       0       0       0       0       0       0
      Temps:          0       0       0       0       0       0       0       0       0
      Totals:         2       0       0       0       0       0       0       0       0
Total ram usage:        2 bytes
 Hardware stack levels used:    1
 Hardware stack levels required when called:    2
 This function calls:
		Nothing
 This function is called by:
		_PWM_GeneratePulsos
 This function uses a non-reentrant model


 *************** function _PWM_OneshotX *****************
 Defined at:
		line 73 in file "PWM.c"
 Parameters:    Size  Location     Type
  countX          2    0[COMRAM] int 
 Auto vars:     Size  Location     Type
		None
 Return value:  Size  Location     Type
                  2    0[COMRAM] int 
 Registers used:
		wreg, status,2, status,0
 Tracked objects:
		On entry : 
		On exit  : 
		Unchanged: 
 Data sizes:     COMRAM   BANK0   BANK1   BANK2   BANK3   BANK4   BANK5   BANK6   BANK7
      Params:         2       0       0       0       0       0       0       0       0
      Locals:         0       0       0       0       0       0       0       0       0
      Temps:          0       0       0       0       0       0       0       0       0
      Totals:         2       0       0       0       0       0       0       0       0
Total ram usage:        2 bytes
 Hardware stack levels used:    1
 Hardware stack levels required when called:    2
 This function calls:
		Nothing
 This function is called by:
		_PWM_GeneratePulsos
 This function uses a non-reentrant model


 *************** function _PWM_InitS *****************
 Defined at:
		line 59 in file "PWM.c"
 Parameters:    Size  Location     Type
		None
 Auto vars:     Size  Location     Type
		None
 Return value:  Size  Location     Type
                  1    wreg      void 
 Registers used:
		wreg, status,2
 Tracked objects:
		On entry : 
		On exit  : 
		Unchanged: 
 Data sizes:     COMRAM   BANK0   BANK1   BANK2   BANK3   BANK4   BANK5   BANK6   BANK7
      Params:         0       0       0       0       0       0       0       0       0
      Locals:         0       0       0       0       0       0       0       0       0
      Temps:          0       0       0       0       0       0       0       0       0
      Totals:         0       0       0       0       0       0       0       0       0
Total ram usage:        0 bytes
 Hardware stack levels used:    1
 Hardware stack levels required when called:    2
 This function calls:
		Nothing
 This function is called by:
		_PWM_GeneratePulsos
 This function uses a non-reentrant model


 *************** function _PWM_InitF *****************
 Defined at:
		line 45 in file "PWM.c"
 Parameters:    Size  Location     Type
		None
 Auto vars:     Size  Location     Type
		None
 Return value:  Size  Location     Type
                  1    wreg      void 
 Registers used:
		wreg, status,2
 Tracked objects:
		On entry : 
		On exit  : 
		Unchanged: 
 Data sizes:     COMRAM   BANK0   BANK1   BANK2   BANK3   BANK4   BANK5   BANK6   BANK7
      Params:         0       0       0       0       0       0       0       0       0
      Locals:         0       0       0       0       0       0       0       0       0
      Temps:          0       0       0       0       0       0       0       0       0
      Totals:         0       0       0       0       0       0       0       0       0
Total ram usage:        0 bytes
 Hardware stack levels used:    1
 Hardware stack levels required when called:    2
 This function calls:
		Nothing
 This function is called by:
		_PWM_GeneratePulsos
 This function uses a non-reentrant model


 *************** function _Motor_Conversion *****************
 Defined at:
		line 18 in file "Motor.c"
 Parameters:    Size  Location     Type
  Coordenada      2   49[COMRAM] int 
 Auto vars:     Size  Location     Type
  conversion      4   51[COMRAM] float 
 Return value:  Size  Location     Type
                  2   49[COMRAM] int 
 Registers used:
		wreg, status,2, status,0, cstack
 Tracked objects:
		On entry : 
		On exit  : 
		Unchanged: 
 Data sizes:     COMRAM   BANK0   BANK1   BANK2   BANK3   BANK4   BANK5   BANK6   BANK7
      Params:         2       0       0       0       0       0       0       0       0
      Locals:         4       0       0       0       0       0       0       0       0
      Temps:          0       0       0       0       0       0       0       0       0
      Totals:         6       0       0       0       0       0       0       0       0
Total ram usage:        6 bytes
 Hardware stack levels used:    1
 Hardware stack levels required when called:    3
 This function calls:
		___fldiv
		___fltol
		___xxtofl
 This function is called by:
		_Motor_Movimiento
 This function uses a non-reentrant model


 *************** function ___xxtofl *****************
 Defined at:
		line 10 in file "C:\Program Files (x86)\Microchip\xc8\v2.10\pic\sources\c99\common\xxtofl.c"
 Parameters:    Size  Location     Type
  sign            1    wreg     unsigned char 
  val             4    0[COMRAM] long 
 Auto vars:     Size  Location     Type
  sign            1    8[COMRAM] unsigned char 
  arg             4   10[COMRAM] unsigned long 
  exp             1    9[COMRAM] unsigned char 
 Return value:  Size  Location     Type
                  4    0[COMRAM] unsigned char 
 Registers used:
		wreg, status,2, status,0
 Tracked objects:
		On entry : 
		On exit  : 
		Unchanged: 
 Data sizes:     COMRAM   BANK0   BANK1   BANK2   BANK3   BANK4   BANK5   BANK6   BANK7
      Params:         4       0       0       0       0       0       0       0       0
      Locals:         6       0       0       0       0       0       0       0       0
      Temps:          4       0       0       0       0       0       0       0       0
      Totals:        14       0       0       0       0       0       0       0       0
Total ram usage:       14 bytes
 Hardware stack levels used:    1
 Hardware stack levels required when called:    2
 This function calls:
		Nothing
 This function is called by:
		_Motor_Conversion
 This function uses a non-reentrant model


 *************** function ___fltol *****************
 Defined at:
		line 43 in file "C:\Program Files (x86)\Microchip\xc8\v2.10\pic\sources\c99\common\fltol.c"
 Parameters:    Size  Location     Type
  f1              4   39[COMRAM] unsigned char 
 Auto vars:     Size  Location     Type
  exp1            1   48[COMRAM] unsigned char 
  sign1           1   47[COMRAM] unsigned char 
 Return value:  Size  Location     Type
                  4   39[COMRAM] long 
 Registers used:
		wreg, status,2, status,0
 Tracked objects:
		On entry : 
		On exit  : 
		Unchanged: 
 Data sizes:     COMRAM   BANK0   BANK1   BANK2   BANK3   BANK4   BANK5   BANK6   BANK7
      Params:         4       0       0       0       0       0       0       0       0
      Locals:         2       0       0       0       0       0       0       0       0
      Temps:          4       0       0       0       0       0       0       0       0
      Totals:        10       0       0       0       0       0       0       0       0
Total ram usage:       10 bytes
 Hardware stack levels used:    1
 Hardware stack levels required when called:    2
 This function calls:
		Nothing
 This function is called by:
		_Motor_Conversion
 This function uses a non-reentrant model


 *************** function ___fldiv *****************
 Defined at:
		line 11 in file "C:\Program Files (x86)\Microchip\xc8\v2.10\pic\sources\c99\common\sprcdiv.c"
 Parameters:    Size  Location     Type
  b               4   14[COMRAM] long 
  a               4   18[COMRAM] long 
 Auto vars:     Size  Location     Type
  grs             4   33[COMRAM] unsigned long 
  rem             4   26[COMRAM] unsigned long 
  new_exp         2   31[COMRAM] short 
  aexp            1   38[COMRAM] unsigned char 
  bexp            1   37[COMRAM] unsigned char 
  sign            1   30[COMRAM] unsigned char 
 Return value:  Size  Location     Type
                  4   14[COMRAM] unsigned char 
 Registers used:
		wreg, status,2, status,0
 Tracked objects:
		On entry : 
		On exit  : 
		Unchanged: 
 Data sizes:     COMRAM   BANK0   BANK1   BANK2   BANK3   BANK4   BANK5   BANK6   BANK7
      Params:         8       0       0       0       0       0       0       0       0
      Locals:        13       0       0       0       0       0       0       0       0
      Temps:          4       0       0       0       0       0       0       0       0
      Totals:        25       0       0       0       0       0       0       0       0
Total ram usage:       25 bytes
 Hardware stack levels used:    1
 Hardware stack levels required when called:    2
 This function calls:
		Nothing
 This function is called by:
		_Motor_Conversion
 This function uses a non-reentrant model


 *************** function _Motor_Calcular_PasosY *****************
 Defined at:
		line 50 in file "Motor.c"
 Parameters:    Size  Location     Type
  coordenada_c    2    1[COMRAM] int 
 Auto vars:     Size  Location     Type
		None
 Return value:  Size  Location     Type
                  2    1[COMRAM] int 
 Registers used:
		wreg, status,2, status,0, cstack
 Tracked objects:
		On entry : 
		On exit  : 
		Unchanged: 
 Data sizes:     COMRAM   BANK0   BANK1   BANK2   BANK3   BANK4   BANK5   BANK6   BANK7
      Params:         2       0       0       0       0       0       0       0       0
      Locals:         0       0       0       0       0       0       0       0       0
      Temps:          1       0       0       0       0       0       0       0       0
      Totals:         3       0       0       0       0       0       0       0       0
Total ram usage:        3 bytes
 Hardware stack levels used:    1
 Hardware stack levels required when called:    3
 This function calls:
		_USART_Tx
 This function is called by:
		_Motor_Movimiento
 This function uses a non-reentrant model


 *************** function _Motor_Calcular_PasosX *****************
 Defined at:
		line 35 in file "Motor.c"
 Parameters:    Size  Location     Type
  coordenada_c    2    1[COMRAM] int 
 Auto vars:     Size  Location     Type
		None
 Return value:  Size  Location     Type
                  2    1[COMRAM] int 
 Registers used:
		wreg, status,2, status,0, cstack
 Tracked objects:
		On entry : 
		On exit  : 
		Unchanged: 
 Data sizes:     COMRAM   BANK0   BANK1   BANK2   BANK3   BANK4   BANK5   BANK6   BANK7
      Params:         2       0       0       0       0       0       0       0       0
      Locals:         0       0       0       0       0       0       0       0       0
      Temps:          1       0       0       0       0       0       0       0       0
      Totals:         3       0       0       0       0       0       0       0       0
Total ram usage:        3 bytes
 Hardware stack levels used:    1
 Hardware stack levels required when called:    3
 This function calls:
		_USART_Tx
 This function is called by:
		_Motor_Movimiento
 This function uses a non-reentrant model


 *************** function _USART_Tx *****************
 Defined at:
		line 25 in file "UART.c"
 Parameters:    Size  Location     Type
  data            1    wreg     unsigned char 
 Auto vars:     Size  Location     Type
  data            1    0[COMRAM] unsigned char 
 Return value:  Size  Location     Type
                  1    wreg      void 
 Registers used:
		wreg
 Tracked objects:
		On entry : 
		On exit  : 
		Unchanged: 
 Data sizes:     COMRAM   BANK0   BANK1   BANK2   BANK3   BANK4   BANK5   BANK6   BANK7
      Params:         0       0       0       0       0       0       0       0       0
      Locals:         1       0       0       0       0       0       0       0       0
      Temps:          0       0       0       0       0       0       0       0       0
      Totals:         1       0       0       0       0       0       0       0       0
Total ram usage:        1 bytes
 Hardware stack levels used:    1
 Hardware stack levels required when called:    2
 This function calls:
		Nothing
 This function is called by:
		_main
		_Motor_Calcular_PasosX
		_Motor_Calcular_PasosY
		_USART_SPrint
 This function uses a non-reentrant model


 *************** function _Actuator_Touch *****************
 Defined at:
		line 19 in file "Actuator.c"
 Parameters:    Size  Location     Type
		None
 Auto vars:     Size  Location     Type
		None
 Return value:  Size  Location     Type
                  1    wreg      void 
 Registers used:
		wreg
 Tracked objects:
		On entry : 
		On exit  : 
		Unchanged: 
 Data sizes:     COMRAM   BANK0   BANK1   BANK2   BANK3   BANK4   BANK5   BANK6   BANK7
      Params:         0       0       0       0       0       0       0       0       0
      Locals:         0       0       0       0       0       0       0       0       0
      Temps:          2       0       0       0       0       0       0       0       0
      Totals:         2       0       0       0       0       0       0       0       0
Total ram usage:        2 bytes
 Hardware stack levels used:    1
 Hardware stack levels required when called:    2
 This function calls:
		Nothing
 This function is called by:
		_main
 This function uses a non-reentrant model


 *************** function _Actuator_Retrain *****************
 Defined at:
		line 27 in file "Actuator.c"
 Parameters:    Size  Location     Type
		None
 Auto vars:     Size  Location     Type
		None
 Return value:  Size  Location     Type
                  1    wreg      void 
 Registers used:
		None
 Tracked objects:
		On entry : 
		On exit  : 
		Unchanged: 
 Data sizes:     COMRAM   BANK0   BANK1   BANK2   BANK3   BANK4   BANK5   BANK6   BANK7
      Params:         0       0       0       0       0       0       0       0       0
      Locals:         0       0       0       0       0       0       0       0       0
      Temps:          0       0       0       0       0       0       0       0       0
      Totals:         0       0       0       0       0       0       0       0       0
Total ram usage:        0 bytes
 Hardware stack levels used:    1
 Hardware stack levels required when called:    2
 This function calls:
		Nothing
 This function is called by:
		_main
 This function uses a non-reentrant model


 *************** function _Actuator_Hold *****************
 Defined at:
		line 24 in file "Actuator.c"
 Parameters:    Size  Location     Type
		None
 Auto vars:     Size  Location     Type
		None
 Return value:  Size  Location     Type
                  1    wreg      void 
 Registers used:
		None
 Tracked objects:
		On entry : 
		On exit  : 
		Unchanged: 
 Data sizes:     COMRAM   BANK0   BANK1   BANK2   BANK3   BANK4   BANK5   BANK6   BANK7
      Params:         0       0       0       0       0       0       0       0       0
      Locals:         0       0       0       0       0       0       0       0       0
      Temps:          0       0       0       0       0       0       0       0       0
      Totals:         0       0       0       0       0       0       0       0       0
Total ram usage:        0 bytes
 Hardware stack levels used:    1
 Hardware stack levels required when called:    2
 This function calls:
		Nothing
 This function is called by:
		_main
 This function uses a non-reentrant model


 *************** function _INT_isr *****************
 Defined at:
		line 36 in file "main.c"
 Parameters:    Size  Location     Type
		None
 Auto vars:     Size  Location     Type
		None
 Return value:  Size  Location     Type
                  1    wreg      void 
 Registers used:
		wreg, status,2, status,0, cstack
 Tracked objects:
		On entry : 
		On exit  : 
		Unchanged: 
 Data sizes:     COMRAM   BANK0   BANK1   BANK2   BANK3   BANK4   BANK5   BANK6   BANK7
      Params:         0       0       0       0       0       0       0       0       0
      Locals:         0       0       0       0       0       0       0       0       0
      Temps:          0       0       0       0       0       0       0       0       0
      Totals:         0       0       0       0       0       0       0       0       0
Total ram usage:        0 bytes
 Hardware stack levels used:    1
 Hardware stack levels required when called:    1
 This function calls:
		_Oneshot
 This function is called by:
		Interrupt level 2
 This function uses a non-reentrant model


 *************** function _Oneshot *****************
 Defined at:
		line 48 in file "main.c"
 Parameters:    Size  Location     Type
		None
 Auto vars:     Size  Location     Type
		None
 Return value:  Size  Location     Type
                  1    wreg      void 
 Registers used:
		wreg, status,2, status,0
 Tracked objects:
		On entry : 
		On exit  : 
		Unchanged: 
 Data sizes:     COMRAM   BANK0   BANK1   BANK2   BANK3   BANK4   BANK5   BANK6   BANK7
      Params:         0       0       0       0       0       0       0       0       0
      Locals:         0       0       0       0       0       0       0       0       0
      Temps:          0       0       0       0       0       0       0       0       0
      Totals:         0       0       0       0       0       0       0       0       0
Total ram usage:        0 bytes
 Hardware stack levels used:    1
 This function calls:
		Nothing
 This function is called by:
		_INT_isr
 This function uses a non-reentrant model



MODULE INFORMATION

Module		Function		Class		Link	Load	Size
serial.c
		_Serial_DecodificacionY		CODE           	1162	0000	111
		_Seria_Decodificacion_Memoria		CODE           	09C8	0000	293
		_main          		CODE           	03AC	0000	441
		_Serial_Escritura_Memoria		CODE           	0DEA	0000	237
		_Serial_Lectura_Memoria		CODE           	0CFE	0000	237
		_Serial_DecodificacionX		CODE           	11D0	0000	99

serial.c estimated size: 1418

C:\Program Files (x86)\Microchip\xc8\v2.10\pic\sources\c99\common\atoi.c
		_atoi          		CODE           	0718	0000	395

C:\Program Files (x86)\Microchip\xc8\v2.10\pic\sources\c99\common\atoi.c estimated size: 395

UART.c
		_USART_Rx      		CODE           	14C2	0000	19
		_USART_RxS     		CODE           	1232	0000	87
		_USART_Tx      		CODE           	1498	0000	23
		_USART_Init    		CODE           	107C	0000	117

UART.c estimated size: 246

C:\Program Files (x86)\Microchip\xc8\v2.10\pic\sources\c99\common\xxtofl.c
		___xxtofl      		CODE           	0564	0000	437

C:\Program Files (x86)\Microchip\xc8\v2.10\pic\sources\c99\common\xxtofl.c estimated size: 437

C:\Program Files (x86)\Microchip\xc8\v2.10\pic\sources\c99\common\isspace.c
		_isspace       		CODE           	1288	0000	83

C:\Program Files (x86)\Microchip\xc8\v2.10\pic\sources\c99\common\isspace.c estimated size: 83

C:\Program Files (x86)\Microchip\xc8\v2.10\pic\sources\c99\common\fltol.c
		___fltol       		CODE           	0BF8	0000	263

C:\Program Files (x86)\Microchip\xc8\v2.10\pic\sources\c99\common\fltol.c estimated size: 263

C:\Program Files (x86)\Microchip\xc8\v2.10\pic\sources\c99\common\aldiv.c
		___aldiv       		CODE           	0AEC	0000	269

C:\Program Files (x86)\Microchip\xc8\v2.10\pic\sources\c99\common\aldiv.c estimated size: 269

Motor.c
		_Motor_Movimiento		CODE           	1002	0000	123
		_Motor_Conversion		CODE           	10F0	0000	115
		_Motor_Calcular_PasosX		CODE           	0F6C	0000	151
		_Motor_Calcular_PasosY		CODE           	0ED6	0000	151

Motor.c estimated size: 540

C:\Program Files (x86)\Microchip\xc8\v2.10\pic\sources\c99\common\sprcdiv.c
		___fldiv       		CODE           	0012	0000	923

C:\Program Files (x86)\Microchip\xc8\v2.10\pic\sources\c99\common\sprcdiv.c estimated size: 923

EEPROM.c
		_EEPROM_Rx     		CODE           	14AE	0000	21
		_EEPROM_Tx     		CODE           	1312	0000	51

EEPROM.c estimated size: 72

PWM.c
		_PWM_OneshotX  		CODE           	1374	0000	49
		_PWM_OneshotY  		CODE           	1344	0000	49
		_PWM_GeneratePulsos		CODE           	08A2	0000	295
		_PWM_InitF     		CODE           	143C	0000	33
		_PWM_InitS     		CODE           	145C	0000	31

PWM.c estimated size: 457

shared
		__initialization		CODE           	13CC	0000	25

shared estimated size: 25

Actuator.c
		_Actuator_Hold 		CODE           	14D8	0000	5
		_Actuator_Retrain		CODE           	14D4	0000	5
		_Actuator_Touch		CODE           	147A	0000	31

Actuator.c estimated size: 41

C:\Program Files (x86)\Microchip\xc8\v2.10\pic\sources\c99\common\isdigit.c
		_isdigit       		CODE           	12DA	0000	57

C:\Program Files (x86)\Microchip\xc8\v2.10\pic\sources\c99\common\isdigit.c estimated size: 57

C:\Program Files (x86)\Microchip\xc8\v2.10\pic\sources\c99\common\Umul16.c
		___wmul        		CODE           	13F2	0000	39

C:\Program Files (x86)\Microchip\xc8\v2.10\pic\sources\c99\common\Umul16.c estimated size: 39

main.c
		_INT_isr       		CODE           	0008	0000	43
		_Oneshot       		CODE           	13A4	0000	41

main.c estimated size: 84

